ARM Linker, 5.03 [Build 76] [MDK-ARM Standard]

==============================================================================

Section Cross References

    main.o(.text) refers to usart.o(.text) for UART2_Send_BUFF
    main.o(.text) refers to strlen.o(.text) for strlen
    main.o(.text) refers to sys.o(.text) for NVIC_Configuration
    main.o(.text) refers to delay.o(.text) for delay_init
    main.o(.text) refers to timer.o(.text) for TIM4_Int_Init
    main.o(.text) refers to stm32f10x_gpio.o(.text) for GPIO_PinRemapConfig
    main.o(.text) refers to protocol.o(.text) for protocol_send_start
    main.o(.text) refers to strcpy.o(.text) for strcpy
    main.o(.text) refers to ringbuffer.o(.text) for RINGBUF_Get
    main.o(.text) refers to hongwaiwendu.o(.text) for hongwaiwendu_parse
    main.o(.text) refers to pm25.o(.text) for pm25_parse
    main.o(.text) refers to uart6050.o(.text) for uart6050_parse
    main.o(.text) refers to tds.o(.text) for tds_parse
    main.o(.text) refers to gps.o(.text) for GPS_parse
    main.o(.text) refers to sensor_hal.o(.text) for SetSensor_Beep
    main.o(.text) refers to max30102.o(.text) for max30102_detect
    main.o(.text) refers to main.o(.constdata) for .constdata
    main.o(.text) refers to main.o(.data) for tick_count
    main.o(.text) refers to main.o(.bss) for send_protocol_uart
    main.o(.text) refers to sensor_hal.o(.data) for GlobalVar_sensor_hongwai_wendu
    main.o(.text) refers to sensor_hal.o(.bss) for GlobalVar_gps_x
    main.o(.text) refers to soft_timer.o(.text) for timer_init
    main.o(.text) refers to key.o(.text) for key_button_register
    main.o(.text) refers to stm32f10x_tim.o(.text) for TIM_GetITStatus
    stm32f10x_it.o(.text) refers to stm32f10x_usart.o(.text) for USART_GetITStatus
    stm32f10x_it.o(.text) refers to ringbuffer.o(.text) for RINGBUF_Put
    stm32f10x_it.o(.text) refers to protocol.o(.text) for protocol_pipe_put
    stm32f10x_it.o(.text) refers to main.o(.bss) for Uart_sensor_RB
    system_stm32f10x.o(.text) refers to system_stm32f10x.o(.data) for SystemCoreClock
    adc.o(.text) refers to stm32f10x_gpio.o(.text) for GPIO_Init
    adc.o(.text) refers to stm32f10x_rcc.o(.text) for RCC_APB2PeriphClockCmd
    adc.o(.text) refers to stm32f10x_adc.o(.text) for ADC_DeInit
    dht11.o(.text) refers to delay.o(.text) for delay_ms
    dht11.o(.text) refers to stm32f10x_rcc.o(.text) for RCC_APB2PeriphClockCmd
    ds18b20.o(.text) refers to stm32f10x_gpio.o(.text) for GPIO_SetBits
    ds18b20.o(.text) refers to delay.o(.text) for delay_us
    ds18b20.o(.text) refers to stm32f10x_rcc.o(.text) for RCC_APB2PeriphClockCmd
    ds18b20.o(.text) refers to ds18b20.o(.data) for TempX_TAB
    gpio.o(.text) refers to stm32f10x_rcc.o(.text) for RCC_APB2PeriphClockCmd
    gpio.o(.text) refers to stm32f10x_gpio.o(.text) for GPIO_Init
    gpio.o(.text) refers to gpio.o(.data) for record
    hongwaiwendu.o(.text) refers to hongwaiwendu.o(.data) for last_value
    hongwaiwendu.o(.text) refers to hongwaiwendu.o(.bss) for hognwai_show_buff
    hx711.o(.text) refers to stm32f10x_rcc.o(.text) for RCC_APB2PeriphClockCmd
    hx711.o(.text) refers to stm32f10x_gpio.o(.text) for GPIO_Init
    hx711.o(.text) refers to delay.o(.text) for delay_us
    hx711.o(.text) refers to fflti.o(.text) for __aeabi_i2f
    hx711.o(.text) refers to f2d.o(.text) for __aeabi_f2d
    hx711.o(.text) refers to ddiv.o(.text) for __aeabi_ddiv
    hx711.o(.text) refers to dfixui.o(.text) for __aeabi_d2uiz
    hx711.o(.text) refers to hx711.o(.data) for Weight_calibration
    oled.o(.text) refers to stm32f10x_gpio.o(.text) for GPIO_SetBits
    oled.o(.text) refers to oled.o(.constdata) for F8X16
    oled.o(.text) refers to stm32f10x_rcc.o(.text) for RCC_APB2PeriphClockCmd
    oled.o(.text) refers to delay.o(.text) for delay_ms
    oled.o(.text) refers to oled.o(.data) for Fchinese
    pwm.o(.text) refers to stm32f10x_rcc.o(.text) for RCC_APB2PeriphClockCmd
    pwm.o(.text) refers to stm32f10x_gpio.o(.text) for GPIO_Init
    pwm.o(.text) refers to stm32f10x_tim.o(.text) for TIM_TimeBaseInit
    rc522.o(.text) refers to stm32f10x_rcc.o(.text) for RCC_APB2PeriphClockCmd
    rc522.o(.text) refers to stm32f10x_gpio.o(.text) for GPIO_Init
    scanner.o(.text) refers to scanner.o(.data) for index
    scanner.o(.text) refers to scanner.o(.bss) for card_show_buff
    sensor_hal.o(.text) refers to stm32f10x_gpio.o(.text) for GPIO_ReadInputDataBit
    sensor_hal.o(.text) refers to stm32f10x_rcc.o(.text) for RCC_APB2PeriphClockCmd
    sensor_hal.o(.text) refers to protocol.o(.text) for protocol_send_IdValue_int
    sensor_hal.o(.text) refers to adc.o(.text) for Adc_Init_channel
    sensor_hal.o(.text) refers to sensor_hal.o(.data) for index
    sensor_hal.o(.text) refers to sensor_hal.o(.bss) for zhendong_buffer
    sensor_hal.o(.text) refers to ffltui.o(.text) for __aeabi_ui2f
    sensor_hal.o(.text) refers to fdiv.o(.text) for __aeabi_fdiv
[...]
    InitSensor_Renti_2                       0x0800110d   Thumb Code    40  gpio.o(.text)
    InitSensor_Huoyan                        0x08001135   Thumb Code    38  gpio.o(.text)
    Get_Huoyan                               0x0800115b   Thumb Code    64  gpio.o(.text)
    Get_Renti                                0x0800119b   Thumb Code    68  gpio.o(.text)
    Get_Renti_2                              0x080011df   Thumb Code    68  gpio.o(.text)
    hongwaiwendu_trigger                     0x0800123d   Thumb Code    18  hongwaiwendu.o(.text)
    hongwaiwendu_parse                       0x0800124f   Thumb Code   158  hongwaiwendu.o(.text)
    yali_init                                0x08001305   Thumb Code    66  hx711.o(.text)
    HX711_Read                               0x08001347   Thumb Code   116  hx711.o(.text)
    yali_Weight_calibration                  0x080013bb   Thumb Code    12  hx711.o(.text)
    yali_Get_Weight                          0x080013c7   Thumb Code    86  hx711.o(.text)
    OLED_IIC_Start                           0x0800143d   Thumb Code    44  oled.o(.text)
    OLED_IIC_Stop                            0x08001469   Thumb Code    34  oled.o(.text)
    OLED_IIC_Wait_Ack                        0x0800148b   Thumb Code    24  oled.o(.text)
    Write_IIC_Byte                           0x080014a3   Thumb Code    88  oled.o(.text)
    Write_IIC_Command                        0x080014fb   Thumb Code    44  oled.o(.text)
    Write_IIC_Data                           0x08001527   Thumb Code    44  oled.o(.text)
    OLED_WR_Byte                             0x08001553   Thumb Code    24  oled.o(.text)
    fill_picture                             0x0800156b   Thumb Code    64  oled.o(.text)
    Delay_50ms                               0x080015ab   Thumb Code    22  oled.o(.text)
    Delay_1ms                                0x080015c1   Thumb Code    26  oled.o(.text)
    OLED_Set_Pos                             0x080015db   Thumb Code    40  oled.o(.text)
    OLED_Display_On                          0x08001603   Thumb Code    28  oled.o(.text)
    OLED_Display_Off                         0x0800161f   Thumb Code    28  oled.o(.text)
    OLED_Clear                               0x0800163b   Thumb Code    62  oled.o(.text)
    OLED_On                                  0x08001679   Thumb Code    62  oled.o(.text)
    OLED_ShowChar                            0x080016b7   Thumb Code   154  oled.o(.text)
    oled_pow                                 0x08001751   Thumb Code    22  oled.o(.text)
    OLED_ShowNum                             0x08001767   Thumb Code   136  oled.o(.text)
    OLED_ShowString                          0x080017ef   Thumb Code    70  oled.o(.text)
    OLED_ShowCHinese                         0x08001835   Thumb Code    98  oled.o(.text)
    OLED_DrawBMP                             0x08001897   Thumb Code   118  oled.o(.text)
    OLED_Init                                0x0800190d   Thumb Code   278  oled.o(.text)
    TIM1_PWM_Init                            0x08001a2d   Thumb Code   152  pwm.o(.text)
    SetSensor_Pwm10                          0x08001ac5   Thumb Code    26  pwm.o(.text)
    SetSensor_Pwm11                          0x08001adf   Thumb Code    26  pwm.o(.text)
    TIM2_PWM_Init                            0x08001af9   Thumb Code   192  pwm.o(.text)
    RC522_GPIO_init                          0x08001bdb   Thumb Code   182  rc522.o(.text)
    WriteRawRC                               0x08001c91   Thumb Code   186  rc522.o(.text)
    ReadRawRC                                0x08001d4b   Thumb Code   170  rc522.o(.text)
    SetBitMask                               0x08001df5   Thumb Code    28  rc522.o(.text)
    ClearBitMask                             0x08001e11   Thumb Code    28  rc522.o(.text)
    PcdComMF522                              0x08001e2d   Thumb Code   304  rc522.o(.text)
    PcdRequest                               0x08001f5d   Thumb Code    84  rc522.o(.text)
    PcdAnticoll                              0x08001fb1   Thumb Code   120  rc522.o(.text)
    CalulateCRC                              0x08002029   Thumb Code   106  rc522.o(.text)
    PcdSelect                                0x08002093   Thumb Code   114  rc522.o(.text)
    PcdAuthState                             0x08002105   Thumb Code   110  rc522.o(.text)
    PcdRead                                  0x08002173   Thumb Code    84  rc522.o(.text)
    PcdWrite                                 0x080021c7   Thumb Code   146  rc522.o(.text)
    PcdHalt                                  0x08002259   Thumb Code    50  rc522.o(.text)
    PcdReset                                 0x0800228b   Thumb Code   126  rc522.o(.text)
    PcdAntennaOn                             0x08002309   Thumb Code    26  rc522.o(.text)
    M500PcdConfigISOType                     0x08002323   Thumb Code    92  rc522.o(.text)
    PcdAntennaOff                            0x0800237f   Thumb Code    12  rc522.o(.text)
    WaitCardOff                              0x0800238b   Thumb Code    50  rc522.o(.text)
    process_zhendong_DO_100ms                0x080023c1   Thumb Code    46  sensor_hal.o(.text)
    GetSensor_Zhendong_DO_high               0x080023ef   Thumb Code   122  sensor_hal.o(.text)
    GetSensor_Zhendong_DO_low                0x08002469   Thumb Code   122  sensor_hal.o(.text)
    sensor_hal_protocol_init                 0x080024e3   Thumb Code     6  sensor_hal.o(.text)
    GetSensor_Guangqiang                     0x080024e9   Thumb Code    76  sensor_hal.o(.text)
    GetSensor_Yanwu                          0x08002535   Thumb Code    50  sensor_hal.o(.text)
    GetSensor_MQ1                            0x08002567   Thumb Code    50  sensor_hal.o(.text)
    GetSensor_Yanwu_2                        0x08002599   Thumb Code    54  sensor_hal.o(.text)
    GetSensor_MQ2                            0x080025cf   Thumb Code    50  sensor_hal.o(.text)
    GetSensor_Ziwaixian                      0x08002601   Thumb Code    50  sensor_hal.o(.text)
    GetSensor_Yudi                           0x08002633   Thumb Code    76  sensor_hal.o(.text)
    GetSensor_Shuiwei                        0x0800267f   Thumb Code    76  sensor_hal.o(.text)
    GetSensor_Dianliu                        0x080026cb   Thumb Code    80  sensor_hal.o(.text)
    GetSensor_Dianya                         0x0800271b   Thumb Code    60  sensor_hal.o(.text)
    GetSensor_Turang                         0x08002757   Thumb Code    66  sensor_hal.o(.text)
    GetSensor_Time                           0x08002799   Thumb Code   156  sensor_hal.o(.text)
    GetSensor_AO1                            0x08002835   Thumb Code    48  sensor_hal.o(.text)
    GetSensor_DO1                            0x08002865   Thumb Code    92  sensor_hal.o(.text)
    GetSensor_DO2                            0x080028c1   Thumb Code    92  sensor_hal.o(.text)
    GetSensor_hongwai_duiguan                0x0800291d   Thumb Code   102  sensor_hal.o(.text)
    GetSensor_DO3                            0x08002983   Thumb Code    92  sensor_hal.o(.text)
    GetSensor_Zhuodu                         0x080029df   Thumb Code    60  sensor_hal.o(.text)
    GetSensor_PH                             0x08002a1b   Thumb Code   106  sensor_hal.o(.text)
    GetSensor_PH_float                       0x08002a85   Thumb Code   202  sensor_hal.o(.text)
    GetSensor_hongwai_wendu                  0x08002b4f   Thumb Code    52  sensor_hal.o(.text)
    GetSensor_pm25                           0x08002b83   Thumb Code    46  sensor_hal.o(.text)
    GetSensor_uart6050                       0x08002bb1   Thumb Code    84  sensor_hal.o(.text)
    GetSensor_tds                            0x08002c05   Thumb Code   226  sensor_hal.o(.text)
    GetSensor_max30102                       0x08002ce7   Thumb Code    56  sensor_hal.o(.text)
    GetSensor_Renti                          0x08002d1f   Thumb Code    44  sensor_hal.o(.text)
    GetSensor_Renti_2                        0x08002d4b   Thumb Code    44  sensor_hal.o(.text)
    GetSensor_Voice                          0x08002d77   Thumb Code    44  sensor_hal.o(.text)
    GetSensor_Huoyan                         0x08002da3   Thumb Code    44  sensor_hal.o(.text)
    GetSensor_Key                            0x08002dcf   Thumb Code    54  sensor_hal.o(.text)
    GetSensor_Key_2                          0x08002e05   Thumb Code    54  sensor_hal.o(.text)
    GetSensor_GPS                            0x08002e3b   Thumb Code    64  sensor_hal.o(.text)
    GetSensor_Dht11                          0x08002e7b   Thumb Code    82  sensor_hal.o(.text)
    GetSensor_Yali                           0x08002ecd   Thumb Code    48  sensor_hal.o(.text)
    GetSensor_Xueya                          0x08002efd   Thumb Code    62  sensor_hal.o(.text)
    GetSensor_Chaoshengbo                    0x08002f3b   Thumb Code    52  sensor_hal.o(.text)
    GetSensor_Chaoshengbo_2                  0x08002f6f   Thumb Code    52  sensor_hal.o(.text)
    GetSensor_Ds18b20                        0x08002fa3   Thumb Code    44  sensor_hal.o(.text)
    GetSensor_zhuangtai                      0x08002fcf   Thumb Code    20  sensor_hal.o(.text)
    GetSensor_IdValue_int                    0x08002fe3   Thumb Code    20  sensor_hal.o(.text)
    GetSensor_IdValue_str                    0x08002ff7   Thumb Code    20  sensor_hal.o(.text)
    GetSensor_Rc522                          0x0800300b   Thumb Code   124  sensor_hal.o(.text)
    SetSensor_Beep                           0x08003087   Thumb Code   282  sensor_hal.o(.text)
    SetSensor_DO1                            0x080031a1   Thumb Code    88  sensor_hal.o(.text)
    SetSensor_DO2                            0x080031f9   Thumb Code    88  sensor_hal.o(.text)
    SetSensor_DO3                            0x08003251   Thumb Code    88  sensor_hal.o(.text)
    SetSensor_Jidianqi                       0x080032a9   Thumb Code    80  sensor_hal.o(.text)
    SetSensor_Jidianqi_2                     0x080032f9   Thumb Code    88  sensor_hal.o(.text)
    SetSensor_Jidianqi_3                     0x08003351   Thumb Code    80  sensor_hal.o(.text)
    SetSensor_Ws2812b_rgb                    0x080033a1   Thumb Code    36  sensor_hal.o(.text)
    SetSensor_Ws2812b_red                    0x080033c5   Thumb Code    28  sensor_hal.o(.text)
    SetSensor_Ws2812b_green                  0x080033e1   Thumb Code    28  sensor_hal.o(.text)
    SetSensor_Ws2812b_blue                   0x080033fd   Thumb Code    28  sensor_hal.o(.text)
    SetSensor_Ws2812b_rgb_2                  0x08003419   Thumb Code    36  sensor_hal.o(.text)
    SetSensor_Ws2812b_red_2                  0x0800343d   Thumb Code    28  sensor_hal.o(.text)
    SetSensor_Ws2812b_green_2                0x08003459   Thumb Code    28  sensor_hal.o(.text)
    SetSensor_Ws2812b_blue_2                 0x08003475   Thumb Code    28  sensor_hal.o(.text)
    SetSensor_Ws2812b_rgb_3                  0x08003491   Thumb Code    36  sensor_hal.o(.text)
    SetSensor_Ws2812b_red_3                  0x080034b5   Thumb Code    28  sensor_hal.o(.text)
    SetSensor_Ws2812b_green_3                0x080034d1   Thumb Code    28  sensor_hal.o(.text)
    SetSensor_Ws2812b_blue_3                 0x080034ed   Thumb Code    28  sensor_hal.o(.text)
    SetSensor_Ws2812b_rgb_4                  0x08003509   Thumb Code    36  sensor_hal.o(.text)
    SetSensor_Ws2812b_red_4                  0x0800352d   Thumb Code    28  sensor_hal.o(.text)
    SetSensor_Ws2812b_green_4                0x08003549   Thumb Code    28  sensor_hal.o(.text)
    SetSensor_Ws2812b_blue_4                 0x08003565   Thumb Code   120  sensor_hal.o(.text)
    SetSensor_PWM                            0x080035dd   Thumb Code    32  sensor_hal.o(.text)
    SetSensor_fan                            0x080035fd   Thumb Code    88  sensor_hal.o(.text)
    SetSensor_PWM_2                          0x08003655   Thumb Code    32  sensor_hal.o(.text)
    SetSensor_OLED_Sring                     0x08003675   Thumb Code    48  sensor_hal.o(.text)
    SetSensor_OLED_Chinese                   0x080036a5   Thumb Code    40  sensor_hal.o(.text)
    SetSensor_Sms                            0x080036cd   Thumb Code    48  sensor_hal.o(.text)
    SetSensor_phone_number                   0x080036fd   Thumb Code    32  sensor_hal.o(.text)
    SetSensor_duoji                          0x0800371d   Thumb Code    64  sensor_hal.o(.text)
    SetSensor_time_update                    0x0800375d   Thumb Code    58  sensor_hal.o(.text)
    SetSensor_time_OLED_show_1s              0x08003797   Thumb Code   300  sensor_hal.o(.text)
    SetSensor_28byj_48                       0x080038c3   Thumb Code    32  sensor_hal.o(.text)
    TIM3_Int_Init                            0x08003945   Thumb Code    98  timer.o(.text)
    TIM4_Int_Init                            0x080039a7   Thumb Code    98  timer.o(.text)
    TIM3_UltrasonicWave_Init                 0x08003a11   Thumb Code    90  ultrasonicwave.o(.text)
    TIM3_IRQHandler                          0x08003a6b   Thumb Code    22  ultrasonicwave.o(.text)
    UltrasonicWave_Configuration_channel     0x08003a81   Thumb Code   506  ultrasonicwave.o(.text)
    EXTI9_5_IRQHandler                       0x08003c7b   Thumb Code   194  ultrasonicwave.o(.text)
    EXTI3_IRQHandler                         0x08003d3d   Thumb Code   104  ultrasonicwave.o(.text)
    EXTI1_IRQHandler                         0x08003da5   Thumb Code   104  ultrasonicwave.o(.text)
    UltrasonicWave_StartMeasure_ch1          0x08003e0d   Thumb Code    64  ultrasonicwave.o(.text)
    UltrasonicWave_StartMeasure_ch2          0x08003e4d   Thumb Code    26  ultrasonicwave.o(.text)
    UltrasonicWave_StartMeasure_ch3          0x08003e67   Thumb Code    26  ultrasonicwave.o(.text)
    UltrasonicWave_StartMeasure_ch4          0x08003e81   Thumb Code    26  ultrasonicwave.o(.text)
    UltrasonicWave_GetDistance_ch1           0x08003e9b   Thumb Code    18  ultrasonicwave.o(.text)
    UltrasonicWave_GetDistance_ch2           0x08003ead   Thumb Code    18  ultrasonicwave.o(.text)
    UltrasonicWave_GetDistance_ch3           0x08003ebf   Thumb Code    18  ultrasonicwave.o(.text)
    UltrasonicWave_GetDistance_ch4           0x08003ed1   Thumb Code    18  ultrasonicwave.o(.text)
    UART1_Init                               0x08003efd   Thumb Code   174  usart.o(.text)
    UART2_Init                               0x08003fab   Thumb Code   170  usart.o(.text)
    UART3_Init                               0x08004055   Thumb Code   182  usart.o(.text)
    UART2_Send_DATA                          0x0800410b   Thumb Code    28  usart.o(.text)
    UART1_Send_DATA                          0x08004127   Thumb Code    28  usart.o(.text)
    UART3_Send_DATA                          0x08004143   Thumb Code    28  usart.o(.text)
    UART1_Send_BUFF                          0x0800415f   Thumb Code    24  usart.o(.text)
    UART2_Send_BUFF                          0x08004177   Thumb Code    24  usart.o(.text)
    UART3_Send_BUFF                          0x0800418f   Thumb Code    24  usart.o(.text)
    PrintChar                                0x080041a7   Thumb Code    24  usart.o(.text)
    fputc                                    0x080041bf   Thumb Code    32  usart.o(.text)
    WS_GPIO_Init                             0x080041f9   Thumb Code    40  ws2812b.o(.text)
    WS_GPIO_Init_2                           0x08004221   Thumb Code    40  ws2812b.o(.text)
    WS_GPIO_Init_3                           0x08004249   Thumb Code    40  ws2812b.o(.text)
    WS_GPIO_Init_4                           0x08004271   Thumb Code    40  ws2812b.o(.text)
    WS_delay_us                              0x08004299   Thumb Code    18  ws2812b.o(.text)
    WS_delay2us                              0x080042ab   Thumb Code    14  ws2812b.o(.text)
    WS_delay05us                             0x080042b9   Thumb Code     2  ws2812b.o(.text)
    WS_delay_ms                              0x080042bb   Thumb Code    24  ws2812b.o(.text)
    TX0                                      0x080042d3   Thumb Code    32  ws2812b.o(.text)
    TX1                                      0x080042f3   Thumb Code    32  ws2812b.o(.text)
    WS_Reset                                 0x08004313   Thumb Code    38  ws2812b.o(.text)
    WS_Set1                                  0x08004339   Thumb Code    56  ws2812b.o(.text)
    WS_Set_Date                              0x08004371   Thumb Code    46  ws2812b.o(.text)
    ws2812b_init                             0x0800439f   Thumb Code     8  ws2812b.o(.text)
    ws2812b_rgb                              0x080043a7   Thumb Code    56  ws2812b.o(.text)
    ws2812b_red                              0x080043df   Thumb Code    18  ws2812b.o(.text)
    ws2812b_green                            0x080043f1   Thumb Code    18  ws2812b.o(.text)
    ws2812b_blue                             0x08004403   Thumb Code    18  ws2812b.o(.text)
    ws2812b_init_2                           0x08004415   Thumb Code     8  ws2812b.o(.text)
    ws2812b_rgb_2                            0x0800441d   Thumb Code    56  ws2812b.o(.text)
    ws2812b_red_2                            0x08004455   Thumb Code    18  ws2812b.o(.text)
    ws2812b_green_2                          0x08004467   Thumb Code    18  ws2812b.o(.text)
    ws2812b_blue_2                           0x08004479   Thumb Code    18  ws2812b.o(.text)
    ws2812b_init_3                           0x0800448b   Thumb Code     8  ws2812b.o(.text)
    ws2812b_rgb_3                            0x08004493   Thumb Code    56  ws2812b.o(.text)
    ws2812b_red_3                            0x080044cb   Thumb Code    18  ws2812b.o(.text)
    ws2812b_green_3                          0x080044dd   Thumb Code    18  ws2812b.o(.text)
    ws2812b_blue_3                           0x080044ef   Thumb Code    18  ws2812b.o(.text)
    ws2812b_init_4                           0x08004501   Thumb Code     8  ws2812b.o(.text)
    ws2812b_rgb_4                            0x08004509   Thumb Code    56  ws2812b.o(.text)
    ws2812b_red_4                            0x08004541   Thumb Code    18  ws2812b.o(.text)
    ws2812b_green_4                          0x08004553   Thumb Code    18  ws2812b.o(.text)
    ws2812b_blue_4                           0x08004565   Thumb Code    18  ws2812b.o(.text)
    uart6050_trigger                         0x08004591   Thumb Code    18  uart6050.o(.text)
    uart6050_parse                           0x080045a3   Thumb Code   176  uart6050.o(.text)
    maxim_sort_ascend                        0x08004661   Thumb Code    54  algorithm.o(.text)
    maxim_sort_indices_descend               0x08004697   Thumb Code    64  algorithm.o(.text)
    maxim_remove_close_peaks                 0x080046d7   Thumb Code   112  algorithm.o(.text)
    maxim_peaks_above_min_height             0x08004747   Thumb Code   122  algorithm.o(.text)
    maxim_find_peaks                         0x080047c1   Thumb Code    66  algorithm.o(.text)
    maxim_heart_rate_and_oxygen_saturation   0x08004803   Thumb Code  1270  algorithm.o(.text)
    max30102_Bus_Write                       0x08004d01   Thumb Code    68  max30102.o(.text)
    max30102_Bus_Read                        0x08004d45   Thumb Code    82  max30102.o(.text)
    max30102_FIFO_ReadWords                  0x08004d97   Thumb Code   168  max30102.o(.text)
    max30102_FIFO_ReadBytes                  0x08004e3f   Thumb Code   128  max30102.o(.text)
    max30102_reset                           0x08004ebf   Thumb Code    20  max30102.o(.text)
    max30102_init                            0x08004ed3   Thumb Code   130  max30102.o(.text)
    maxim_max30102_write_reg                 0x08004f55   Thumb Code    18  max30102.o(.text)
    maxim_max30102_read_reg                  0x08004f67   Thumb Code    18  max30102.o(.text)
    maxim_max30102_read_fifo                 0x08004f79   Thumb Code   124  max30102.o(.text)
    max30102_init_main                       0x08004ff5   Thumb Code   254  max30102.o(.text)
    __max30102_detect                        0x080050f3   Thumb Code   754  max30102.o(.text)
    max30102_detect                          0x080053e5   Thumb Code   222  max30102.o(.text)
    IIC_Init                                 0x080054f5   Thumb Code    52  myiic.o(.text)
    IIC_Start                                0x08005529   Thumb Code    72  myiic.o(.text)
    IIC_Stop                                 0x08005571   Thumb Code    70  myiic.o(.text)
    IIC_Wait_Ack                             0x080055b7   Thumb Code    86  myiic.o(.text)
    IIC_Ack                                  0x0800560d   Thumb Code    72  myiic.o(.text)
    IIC_NAck                                 0x08005655   Thumb Code    72  myiic.o(.text)
    IIC_Send_Byte                            0x0800569d   Thumb Code    96  myiic.o(.text)
    IIC_Read_Byte                            0x080056fd   Thumb Code    98  myiic.o(.text)
    IIC_WriteBytes                           0x0800575f   Thumb Code    60  myiic.o(.text)
    IIC_ReadBytes                            0x0800579b   Thumb Code    94  myiic.o(.text)
    IIC_Read_One_Byte                        0x080057f9   Thumb Code    62  myiic.o(.text)
    IIC_Write_One_Byte                       0x08005837   Thumb Code    54  myiic.o(.text)
    tds_trigger                              0x08005885   Thumb Code    20  tds.o(.text)
    tds_parse                                0x08005899   Thumb Code   148  tds.o(.text)
    key_button_init                          0x0800593d   Thumb Code    76  key.o(.text)
    key_button_register                      0x08005989   Thumb Code     8  key.o(.text)
    key_button_scan_10ms                     0x080059cb   Thumb Code   138  key.o(.text)
    key_button_scan_1ms                      0x08005a55   Thumb Code    32  key.o(.text)
    GPS_parse                                0x08005b9d   Thumb Code   194  gps.o(.text)
    Step_Motor_GPIO_Init                     0x08005c71   Thumb Code    40  28byj_48.o(.text)
    SetMotor                                 0x08005c99   Thumb Code   106  28byj_48.o(.text)
    motorNcircle                             0x08005d03   Thumb Code   158  28byj_48.o(.text)
    pm25_parse                               0x08005dad   Thumb Code   164  pm25.o(.text)
    delay_init                               0x08005e65   Thumb Code    50  delay.o(.text)
    delay_us                                 0x08005e97   Thumb Code    70  delay.o(.text)
    delay_ms                                 0x08005edd   Thumb Code    70  delay.o(.text)
    NVIC_Configuration                       0x08005f35   Thumb Code    12  sys.o(.text)
    Reset_Handler                            0x08005f41   Thumb Code     8  startup_stm32f10x_hd.o(.text)
    ADC1_2_IRQHandler                        0x08005f5b   Thumb Code     0  startup_stm32f10x_hd.o(.text)
    ADC3_IRQHandler                          0x08005f5b   Thumb Code     0  startup_stm32f10x_hd.o(.text)
    CAN1_RX1_IRQHandler                      0x08005f5b   Thumb Code     0  startup_stm32f10x_hd.o(.text)
    CAN1_SCE_IRQHandler                      0x08005f5b   Thumb Code     0  startup_stm32f10x_hd.o(.text)
    DMA1_Channel1_IRQHandler                 0x08005f5b   Thumb Code     0  startup_stm32f10x_hd.o(.text)
    DMA1_Channel2_IRQHandler                 0x08005f5b   Thumb Code     0  startup_stm32f10x_hd.o(.text)
    DMA1_Channel3_IRQHandler                 0x08005f5b   Thumb Code     0  startup_stm32f10x_hd.o(.text)
    DMA1_Channel4_IRQHandler                 0x08005f5b   Thumb Code     0  startup_stm32f10x_hd.o(.text)
    DMA1_Channel5_IRQHandler                 0x08005f5b   Thumb Code     0  startup_stm32f10x_hd.o(.text)
    DMA1_Channel6_IRQHandler                 0x08005f5b   Thumb Code     0  startup_stm32f10x_hd.o(.text)
    DMA1_Channel7_IRQHandler                 0x08005f5b   Thumb Code     0  startup_stm32f10x_hd.o(.text)
    DMA2_Channel1_IRQHandler                 0x08005f5b   Thumb Code     0  startup_stm32f10x_hd.o(.text)
    DMA2_Channel2_IRQHandler                 0x08005f5b   Thumb Code     0  startup_stm32f10x_hd.o(.text)
    DMA2_Channel3_IRQHandler                 0x08005f5b   Thumb Code     0  startup_stm32f10x_hd.o(.text)
    DMA2_Channel4_5_IRQHandler               0x08005f5b   Thumb Code     0  startup_stm32f10x_hd.o(.text)
    EXTI0_IRQHandler                         0x08005f5b   Thumb Code     0  startup_stm32f10x_hd.o(.text)
    EXTI15_10_IRQHandler                     0x08005f5b   Thumb Code     0  startup_stm32f10x_hd.o(.text)
    EXTI2_IRQHandler                         0x08005f5b   Thumb Code     0  startup_stm32f10x_hd.o(.text)
    EXTI4_IRQHandler                         0x08005f5b   Thumb Code     0  startup_stm32f10x_hd.o(.text)
    FLASH_IRQHandler                         0x08005f5b   Thumb Code     0  startup_stm32f10x_hd.o(.text)
    FSMC_IRQHandler                          0x08005f5b   Thumb Code     0  startup_stm32f10x_hd.o(.text)
    I2C1_ER_IRQHandler                       0x08005f5b   Thumb Code     0  startup_stm32f10x_hd.o(.text)
    I2C1_EV_IRQHandler                       0x08005f5b   Thumb Code     0  startup_stm32f10x_hd.o(.text)
    I2C2_ER_IRQHandler                       0x08005f5b   Thumb Code     0  startup_stm32f10x_hd.o(.text)
    I2C2_EV_IRQHandler                       0x08005f5b   Thumb Code     0  startup_stm32f10x_hd.o(.text)
    PVD_IRQHandler                           0x08005f5b   Thumb Code     0  startup_stm32f10x_hd.o(.text)
    RCC_IRQHandler                           0x08005f5b   Thumb Code     0  startup_stm32f10x_hd.o(.text)
    RTCAlarm_IRQHandler                      0x08005f5b   Thumb Code     0  startup_stm32f10x_hd.o(.text)
    RTC_IRQHandler                           0x08005f5b   Thumb Code     0  startup_stm32f10x_hd.o(.text)
    SDIO_IRQHandler                          0x08005f5b   Thumb Code     0  startup_stm32f10x_hd.o(.text)
    SPI1_IRQHandler                          0x08005f5b   Thumb Code     0  startup_stm32f10x_hd.o(.text)
    SPI2_IRQHandler                          0x08005f5b   Thumb Code     0  startup_stm32f10x_hd.o(.text)
    SPI3_IRQHandler                          0x08005f5b   Thumb Code     0  startup_stm32f10x_hd.o(.text)
    TAMPER_IRQHandler                        0x08005f5b   Thumb Code     0  startup_stm32f10x_hd.o(.text)
    TIM1_BRK_IRQHandler                      0x08005f5b   Thumb Code     0  startup_stm32f10x_hd.o(.text)
    TIM1_CC_IRQHandler                       0x08005f5b   Thumb Code     0  startup_stm32f10x_hd.o(.text)
    TIM1_TRG_COM_IRQHandler                  0x08005f5b   Thumb Code     0  startup_stm32f10x_hd.o(.text)
    TIM1_UP_IRQHandler                       0x08005f5b   Thumb Code     0  startup_stm32f10x_hd.o(.text)
    TIM2_IRQHandler                          0x08005f5b   Thumb Code     0  startup_stm32f10x_hd.o(.text)
    TIM5_IRQHandler                          0x08005f5b   Thumb Code     0  startup_stm32f10x_hd.o(.text)
    TIM6_IRQHandler                          0x08005f5b   Thumb Code     0  startup_stm32f10x_hd.o(.text)
    TIM7_IRQHandler                          0x08005f5b   Thumb Code     0  startup_stm32f10x_hd.o(.text)
    TIM8_BRK_IRQHandler                      0x08005f5b   Thumb Code     0  startup_stm32f10x_hd.o(.text)
    TIM8_CC_IRQHandler                       0x08005f5b   Thumb Code     0  startup_stm32f10x_hd.o(.text)
    TIM8_TRG_COM_IRQHandler                  0x08005f5b   Thumb Code     0  startup_stm32f10x_hd.o(.text)
    TIM8_UP_IRQHandler                       0x08005f5b   Thumb Code     0  startup_stm32f10x_hd.o(.text)
    UART4_IRQHandler                         0x08005f5b   Thumb Code     0  startup_stm32f10x_hd.o(.text)
    UART5_IRQHandler                         0x08005f5b   Thumb Code     0  startup_stm32f10x_hd.o(.text)
    USBWakeUp_IRQHandler                     0x08005f5b   Thumb Code     0  startup_stm32f10x_hd.o(.text)
    USB_HP_CAN1_TX_IRQHandler                0x08005f5b   Thumb Code     0  startup_stm32f10x_hd.o(.text)
    USB_LP_CAN1_RX0_IRQHandler               0x08005f5b   Thumb Code     0  startup_stm32f10x_hd.o(.text)
    WWDG_IRQHandler                          0x08005f5b   Thumb Code     0  startup_stm32f10x_hd.o(.text)
    GPIO_DeInit                              0x08005f65   Thumb Code   172  stm32f10x_gpio.o(.text)
    GPIO_AFIODeInit                          0x08006011   Thumb Code    20  stm32f10x_gpio.o(.text)
    GPIO_Init                                0x08006025   Thumb Code   274  stm32f10x_gpio.o(.text)
    GPIO_StructInit                          0x08006137   Thumb Code    16  stm32f10x_gpio.o(.text)
    GPIO_ReadInputDataBit                    0x08006147   Thumb Code    18  stm32f10x_gpio.o(.text)
    GPIO_ReadInputData                       0x08006159   Thumb Code     8  stm32f10x_gpio.o(.text)
    GPIO_ReadOutputDataBit                   0x08006161   Thumb Code    18  stm32f10x_gpio.o(.text)
    GPIO_ReadOutputData                      0x08006173   Thumb Code     8  stm32f10x_gpio.o(.text)
    GPIO_SetBits                             0x0800617b   Thumb Code     4  stm32f10x_gpio.o(.text)
    GPIO_ResetBits                           0x0800617f   Thumb Code     4  stm32f10x_gpio.o(.text)
    GPIO_WriteBit                            0x08006183   Thumb Code    10  stm32f10x_gpio.o(.text)
    GPIO_Write                               0x0800618d   Thumb Code     4  stm32f10x_gpio.o(.text)
    GPIO_PinLockConfig                       0x08006191   Thumb Code    18  stm32f10x_gpio.o(.text)
    GPIO_EventOutputConfig                   0x080061a3   Thumb Code    26  stm32f10x_gpio.o(.text)
    GPIO_EventOutputCmd                      0x080061bd   Thumb Code     6  stm32f10x_gpio.o(.text)
    GPIO_PinRemapConfig                      0x080061c3   Thumb Code   138  stm32f10x_gpio.o(.text)
    GPIO_EXTILineConfig                      0x0800624d   Thumb Code    66  stm32f10x_gpio.o(.text)
    GPIO_ETH_MediaInterfaceConfig            0x0800628f   Thumb Code     6  stm32f10x_gpio.o(.text)
    RCC_DeInit                               0x080062bd   Thumb Code    64  stm32f10x_rcc.o(.text)
    RCC_HSEConfig                            0x080062fd   Thumb Code    70  stm32f10x_rcc.o(.text)
    RCC_GetFlagStatus                        0x08006343   Thumb Code    56  stm32f10x_rcc.o(.text)
    RCC_WaitForHSEStartUp                    0x0800637b   Thumb Code    56  stm32f10x_rcc.o(.text)
    RCC_AdjustHSICalibrationValue            0x080063b3   Thumb Code    20  stm32f10x_rcc.o(.text)
    RCC_HSICmd                               0x080063c7   Thumb Code     6  stm32f10x_rcc.o(.text)
    RCC_PLLConfig                            0x080063cd   Thumb Code    24  stm32f10x_rcc.o(.text)
    RCC_PLLCmd                               0x080063e5   Thumb Code     6  stm32f10x_rcc.o(.text)
    RCC_SYSCLKConfig                         0x080063eb   Thumb Code    18  stm32f10x_rcc.o(.text)
    RCC_GetSYSCLKSource                      0x080063fd   Thumb Code    10  stm32f10x_rcc.o(.text)
    RCC_HCLKConfig                           0x08006407   Thumb Code    18  stm32f10x_rcc.o(.text)
    RCC_PCLK1Config                          0x08006419   Thumb Code    18  stm32f10x_rcc.o(.text)
    RCC_PCLK2Config                          0x0800642b   Thumb Code    20  stm32f10x_rcc.o(.text)
    RCC_ITConfig                             0x0800643f   Thumb Code    26  stm32f10x_rcc.o(.text)
    RCC_USBCLKConfig                         0x08006459   Thumb Code     6  stm32f10x_rcc.o(.text)
    RCC_ADCCLKConfig                         0x0800645f   Thumb Code    18  stm32f10x_rcc.o(.text)
    RCC_LSEConfig                            0x08006471   Thumb Code    44  stm32f10x_rcc.o(.text)
    RCC_LSICmd                               0x0800649d   Thumb Code     6  stm32f10x_rcc.o(.text)
    RCC_RTCCLKConfig                         0x080064a3   Thumb Code    12  stm32f10x_rcc.o(.text)
    RCC_RTCCLKCmd                            0x080064af   Thumb Code     8  stm32f10x_rcc.o(.text)
    RCC_GetClocksFreq                        0x080064b7   Thumb Code   192  stm32f10x_rcc.o(.text)
    RCC_AHBPeriphClockCmd                    0x08006577   Thumb Code    26  stm32f10x_rcc.o(.text)
    RCC_APB2PeriphClockCmd                   0x08006591   Thumb Code    26  stm32f10x_rcc.o(.text)
    RCC_APB1PeriphClockCmd                   0x080065ab   Thumb Code    26  stm32f10x_rcc.o(.text)
    RCC_APB2PeriphResetCmd                   0x080065c5   Thumb Code    26  stm32f10x_rcc.o(.text)
    RCC_APB1PeriphResetCmd                   0x080065df   Thumb Code    26  stm32f10x_rcc.o(.text)
    RCC_BackupResetCmd                       0x080065f9   Thumb Code     8  stm32f10x_rcc.o(.text)
    RCC_ClockSecuritySystemCmd               0x08006601   Thumb Code     6  stm32f10x_rcc.o(.text)
    RCC_MCOConfig                            0x08006607   Thumb Code     6  stm32f10x_rcc.o(.text)
    RCC_ClearFlag                            0x0800660d   Thumb Code    14  stm32f10x_rcc.o(.text)
    RCC_GetITStatus                          0x0800661b   Thumb Code    20  stm32f10x_rcc.o(.text)
    RCC_ClearITPendingBit                    0x0800662f   Thumb Code     6  stm32f10x_rcc.o(.text)
    USART_DeInit                             0x08006661   Thumb Code   134  stm32f10x_usart.o(.text)
    USART_Init                               0x080066e7   Thumb Code   210  stm32f10x_usart.o(.text)
    USART_StructInit                         0x080067b9   Thumb Code    24  stm32f10x_usart.o(.text)
    USART_ClockInit                          0x080067d1   Thumb Code    34  stm32f10x_usart.o(.text)
    USART_ClockStructInit                    0x080067f3   Thumb Code    12  stm32f10x_usart.o(.text)
    USART_Cmd                                0x080067ff   Thumb Code    24  stm32f10x_usart.o(.text)
    USART_ITConfig                           0x08006817   Thumb Code    74  stm32f10x_usart.o(.text)
    USART_DMACmd                             0x08006861   Thumb Code    18  stm32f10x_usart.o(.text)
    USART_SetAddress                         0x08006873   Thumb Code    18  stm32f10x_usart.o(.text)
    USART_WakeUpConfig                       0x08006885   Thumb Code    18  stm32f10x_usart.o(.text)
    USART_ReceiverWakeUpCmd                  0x08006897   Thumb Code    24  stm32f10x_usart.o(.text)
    USART_LINBreakDetectLengthConfig         0x080068af   Thumb Code    18  stm32f10x_usart.o(.text)
    USART_LINCmd                             0x080068c1   Thumb Code    24  stm32f10x_usart.o(.text)
    USART_SendData                           0x080068d9   Thumb Code     8  stm32f10x_usart.o(.text)
    USART_ReceiveData                        0x080068e1   Thumb Code    10  stm32f10x_usart.o(.text)
    USART_SendBreak                          0x080068eb   Thumb Code    10  stm32f10x_usart.o(.text)
    USART_SetGuardTime                       0x080068f5   Thumb Code    16  stm32f10x_usart.o(.text)
    USART_SetPrescaler                       0x08006905   Thumb Code    16  stm32f10x_usart.o(.text)
    USART_SmartCardCmd                       0x08006915   Thumb Code    24  stm32f10x_usart.o(.text)
    USART_SmartCardNACKCmd                   0x0800692d   Thumb Code    24  stm32f10x_usart.o(.text)
    USART_HalfDuplexCmd                      0x08006945   Thumb Code    24  stm32f10x_usart.o(.text)
    USART_OverSampling8Cmd                   0x0800695d   Thumb Code    22  stm32f10x_usart.o(.text)
    USART_OneBitMethodCmd                    0x08006973   Thumb Code    24  stm32f10x_usart.o(.text)
    USART_IrDAConfig                         0x0800698b   Thumb Code    18  stm32f10x_usart.o(.text)
    USART_IrDACmd                            0x0800699d   Thumb Code    24  stm32f10x_usart.o(.text)
    USART_GetFlagStatus                      0x080069b5   Thumb Code    26  stm32f10x_usart.o(.text)
    USART_ClearFlag                          0x080069cf   Thumb Code    18  stm32f10x_usart.o(.text)
    USART_GetITStatus                        0x080069e1   Thumb Code    84  stm32f10x_usart.o(.text)
    USART_ClearITPendingBit                  0x08006a35   Thumb Code    52  stm32f10x_usart.o(.text)
    NVIC_PriorityGroupConfig                 0x08006a69   Thumb Code    10  misc.o(.text)
    NVIC_Init                                0x08006a73   Thumb Code   102  misc.o(.text)
    NVIC_SetVectorTable                      0x08006ad9   Thumb Code    14  misc.o(.text)
    NVIC_SystemLPConfig                      0x08006ae7   Thumb Code    34  misc.o(.text)
    SysTick_CLKSourceConfig                  0x08006b09   Thumb Code    40  misc.o(.text)
    ADC_DeInit                               0x08006b45   Thumb Code    78  stm32f10x_adc.o(.text)
    ADC_Init                                 0x08006b93   Thumb Code    70  stm32f10x_adc.o(.text)
    ADC_StructInit                           0x08006bd9   Thumb Code    18  stm32f10x_adc.o(.text)
    ADC_Cmd                                  0x08006beb   Thumb Code    22  stm32f10x_adc.o(.text)
    ADC_DMACmd                               0x08006c01   Thumb Code    22  stm32f10x_adc.o(.text)
    ADC_ITConfig                             0x08006c17   Thumb Code    24  stm32f10x_adc.o(.text)
    ADC_ResetCalibration                     0x08006c2f   Thumb Code    10  stm32f10x_adc.o(.text)
    ADC_GetResetCalibrationStatus            0x08006c39   Thumb Code    20  stm32f10x_adc.o(.text)
    ADC_StartCalibration                     0x08006c4d   Thumb Code    10  stm32f10x_adc.o(.text)
    ADC_GetCalibrationStatus                 0x08006c57   Thumb Code    20  stm32f10x_adc.o(.text)
    ADC_SoftwareStartConvCmd                 0x08006c6b   Thumb Code    22  stm32f10x_adc.o(.text)
    ADC_GetSoftwareStartConvStatus           0x08006c81   Thumb Code    20  stm32f10x_adc.o(.text)
    ADC_DiscModeChannelCountConfig           0x08006c95   Thumb Code    24  stm32f10x_adc.o(.text)
    ADC_DiscModeCmd                          0x08006cad   Thumb Code    22  stm32f10x_adc.o(.text)
    ADC_RegularChannelConfig                 0x08006cc3   Thumb Code   184  stm32f10x_adc.o(.text)
    ADC_ExternalTrigConvCmd                  0x08006d7b   Thumb Code    22  stm32f10x_adc.o(.text)
    ADC_GetConversionValue                   0x08006d91   Thumb Code     8  stm32f10x_adc.o(.text)
    ADC_GetDualModeConversionValue           0x08006d99   Thumb Code     8  stm32f10x_adc.o(.text)
    ADC_AutoInjectedConvCmd                  0x08006da1   Thumb Code    22  stm32f10x_adc.o(.text)
    ADC_InjectedDiscModeCmd                  0x08006db7   Thumb Code    22  stm32f10x_adc.o(.text)
    ADC_ExternalTrigInjectedConvConfig       0x08006dcd   Thumb Code    16  stm32f10x_adc.o(.text)
    ADC_ExternalTrigInjectedConvCmd          0x08006ddd   Thumb Code    22  stm32f10x_adc.o(.text)
    ADC_SoftwareStartInjectedConvCmd         0x08006df3   Thumb Code    22  stm32f10x_adc.o(.text)
    ADC_GetSoftwareStartInjectedConvCmdStatus 0x08006e09   Thumb Code    20  stm32f10x_adc.o(.text)
    ADC_InjectedChannelConfig                0x08006e1d   Thumb Code   130  stm32f10x_adc.o(.text)
    ADC_InjectedSequencerLengthConfig        0x08006e9f   Thumb Code    24  stm32f10x_adc.o(.text)
    ADC_SetInjectedOffset                    0x08006eb7   Thumb Code    20  stm32f10x_adc.o(.text)
    ADC_GetInjectedConversionValue           0x08006ecb   Thumb Code    28  stm32f10x_adc.o(.text)
    ADC_AnalogWatchdogCmd                    0x08006ee7   Thumb Code    16  stm32f10x_adc.o(.text)
    ADC_AnalogWatchdogThresholdsConfig       0x08006ef7   Thumb Code     6  stm32f10x_adc.o(.text)
    ADC_AnalogWatchdogSingleChannelConfig    0x08006efd   Thumb Code    16  stm32f10x_adc.o(.text)
    ADC_TempSensorVrefintCmd                 0x08006f0d   Thumb Code    64  stm32f10x_adc.o(.text)
    ADC_GetFlagStatus                        0x08006f4d   Thumb Code    18  stm32f10x_adc.o(.text)
    ADC_ClearFlag                            0x08006f5f   Thumb Code     6  stm32f10x_adc.o(.text)
    ADC_GetITStatus                          0x08006f65   Thumb Code    36  stm32f10x_adc.o(.text)
    ADC_ClearITPendingBit                    0x08006f89   Thumb Code    10  stm32f10x_adc.o(.text)
    TIM_DeInit                               0x08006f95   Thumb Code   424  stm32f10x_tim.o(.text)
    TIM_TimeBaseInit                         0x0800713d   Thumb Code   122  stm32f10x_tim.o(.text)
    TIM_OC1Init                              0x080071b7   Thumb Code   132  stm32f10x_tim.o(.text)
    TIM_OC2Init                              0x0800723b   Thumb Code   154  stm32f10x_tim.o(.text)
    TIM_OC3Init                              0x080072d5   Thumb Code   150  stm32f10x_tim.o(.text)
    TIM_OC4Init                              0x0800736b   Thumb Code   182  stm32f10x_tim.o(.text)
    TIM_SetIC4Prescaler                      0x08007421   Thumb Code    26  stm32f10x_tim.o(.text)
    TIM_SetIC3Prescaler                      0x080074bd   Thumb Code    18  stm32f10x_tim.o(.text)
    TIM_SetIC2Prescaler                      0x08007549   Thumb Code    26  stm32f10x_tim.o(.text)
    TIM_SetIC1Prescaler                      0x080075e5   Thumb Code    18  stm32f10x_tim.o(.text)
    TIM_ICInit                               0x08007663   Thumb Code   150  stm32f10x_tim.o(.text)
    TIM_PWMIConfig                           0x080076f9   Thumb Code   124  stm32f10x_tim.o(.text)
    TIM_BDTRConfig                           0x08007775   Thumb Code    32  stm32f10x_tim.o(.text)
    TIM_TimeBaseStructInit                   0x08007795   Thumb Code    18  stm32f10x_tim.o(.text)
    TIM_OCStructInit                         0x080077a7   Thumb Code    20  stm32f10x_tim.o(.text)
    TIM_ICStructInit                         0x080077bb   Thumb Code    18  stm32f10x_tim.o(.text)
    TIM_BDTRStructInit                       0x080077cd   Thumb Code    40  stm32f10x_tim.o(.text)
    TIM_Cmd                                  0x080077f5   Thumb Code    24  stm32f10x_tim.o(.text)
    TIM_CtrlPWMOutputs                       0x0800780d   Thumb Code    30  stm32f10x_tim.o(.text)
    TIM_ITConfig                             0x0800782b   Thumb Code    18  stm32f10x_tim.o(.text)
    TIM_GenerateEvent                        0x0800783d   Thumb Code     4  stm32f10x_tim.o(.text)
    TIM_DMAConfig                            0x08007841   Thumb Code    10  stm32f10x_tim.o(.text)
    TIM_DMACmd                               0x0800784b   Thumb Code    18  stm32f10x_tim.o(.text)
    TIM_InternalClockConfig                  0x0800785d   Thumb Code    12  stm32f10x_tim.o(.text)
    TIM_SelectInputTrigger                   0x08007869   Thumb Code    18  stm32f10x_tim.o(.text)
    TIM_ITRxExternalClockConfig              0x0800787b   Thumb Code    24  stm32f10x_tim.o(.text)
    TIM_TIxExternalClockConfig               0x08007893   Thumb Code    62  stm32f10x_tim.o(.text)
    TIM_ETRConfig                            0x080078d1   Thumb Code    28  stm32f10x_tim.o(.text)
    TIM_ETRClockMode1Config                  0x080078ed   Thumb Code    54  stm32f10x_tim.o(.text)
    TIM_ETRClockMode2Config                  0x08007923   Thumb Code    32  stm32f10x_tim.o(.text)
    TIM_PrescalerConfig                      0x08007943   Thumb Code     6  stm32f10x_tim.o(.text)
    TIM_CounterModeConfig                    0x08007949   Thumb Code    18  stm32f10x_tim.o(.text)
    TIM_EncoderInterfaceConfig               0x0800795b   Thumb Code    66  stm32f10x_tim.o(.text)
    TIM_ForcedOC1Config                      0x0800799d   Thumb Code    18  stm32f10x_tim.o(.text)
    TIM_ForcedOC2Config                      0x080079af   Thumb Code    26  stm32f10x_tim.o(.text)
    TIM_ForcedOC3Config                      0x080079c9   Thumb Code    18  stm32f10x_tim.o(.text)
    TIM_ForcedOC4Config                      0x080079db   Thumb Code    26  stm32f10x_tim.o(.text)
    TIM_ARRPreloadConfig                     0x080079f5   Thumb Code    24  stm32f10x_tim.o(.text)
    TIM_SelectCOM                            0x08007a0d   Thumb Code    24  stm32f10x_tim.o(.text)
    TIM_SelectCCDMA                          0x08007a25   Thumb Code    24  stm32f10x_tim.o(.text)
    TIM_CCPreloadControl                     0x08007a3d   Thumb Code    24  stm32f10x_tim.o(.text)
    TIM_OC1PreloadConfig                     0x08007a55   Thumb Code    18  stm32f10x_tim.o(.text)
    TIM_OC2PreloadConfig                     0x08007a67   Thumb Code    26  stm32f10x_tim.o(.text)
    TIM_OC3PreloadConfig                     0x08007a81   Thumb Code    18  stm32f10x_tim.o(.text)
    TIM_OC4PreloadConfig                     0x08007a93   Thumb Code    26  stm32f10x_tim.o(.text)
    TIM_OC1FastConfig                        0x08007aad   Thumb Code    18  stm32f10x_tim.o(.text)
    TIM_OC2FastConfig                        0x08007abf   Thumb Code    26  stm32f10x_tim.o(.text)
    TIM_OC3FastConfig                        0x08007ad9   Thumb Code    18  stm32f10x_tim.o(.text)
    TIM_OC4FastConfig                        0x08007aeb   Thumb Code    26  stm32f10x_tim.o(.text)
    TIM_ClearOC1Ref                          0x08007b05   Thumb Code    18  stm32f10x_tim.o(.text)
    TIM_ClearOC2Ref                          0x08007b17   Thumb Code    24  stm32f10x_tim.o(.text)
    TIM_ClearOC3Ref                          0x08007b2f   Thumb Code    18  stm32f10x_tim.o(.text)
    TIM_ClearOC4Ref                          0x08007b41   Thumb Code    24  stm32f10x_tim.o(.text)
    TIM_OC1PolarityConfig                    0x08007b59   Thumb Code    18  stm32f10x_tim.o(.text)
    TIM_OC1NPolarityConfig                   0x08007b6b   Thumb Code    18  stm32f10x_tim.o(.text)
    TIM_OC2PolarityConfig                    0x08007b7d   Thumb Code    26  stm32f10x_tim.o(.text)
    TIM_OC2NPolarityConfig                   0x08007b97   Thumb Code    26  stm32f10x_tim.o(.text)
    TIM_OC3PolarityConfig                    0x08007bb1   Thumb Code    26  stm32f10x_tim.o(.text)
    TIM_OC3NPolarityConfig                   0x08007bcb   Thumb Code    26  stm32f10x_tim.o(.text)
    TIM_OC4PolarityConfig                    0x08007be5   Thumb Code    26  stm32f10x_tim.o(.text)
    TIM_CCxCmd                               0x08007bff   Thumb Code    30  stm32f10x_tim.o(.text)
    TIM_CCxNCmd                              0x08007c1d   Thumb Code    30  stm32f10x_tim.o(.text)
    TIM_SelectOCxM                           0x08007c3b   Thumb Code    82  stm32f10x_tim.o(.text)
    TIM_UpdateDisableConfig                  0x08007c8d   Thumb Code    24  stm32f10x_tim.o(.text)
    TIM_UpdateRequestConfig                  0x08007ca5   Thumb Code    24  stm32f10x_tim.o(.text)
    TIM_SelectHallSensor                     0x08007cbd   Thumb Code    24  stm32f10x_tim.o(.text)
    TIM_SelectOnePulseMode                   0x08007cd5   Thumb Code    18  stm32f10x_tim.o(.text)
    TIM_SelectOutputTrigger                  0x08007ce7   Thumb Code    18  stm32f10x_tim.o(.text)
    TIM_SelectSlaveMode                      0x08007cf9   Thumb Code    18  stm32f10x_tim.o(.text)
    TIM_SelectMasterSlaveMode                0x08007d0b   Thumb Code    18  stm32f10x_tim.o(.text)
    TIM_SetCounter                           0x08007d1d   Thumb Code     4  stm32f10x_tim.o(.text)
    TIM_SetAutoreload                        0x08007d21   Thumb Code     4  stm32f10x_tim.o(.text)
    TIM_SetCompare1                          0x08007d25   Thumb Code     4  stm32f10x_tim.o(.text)
    TIM_SetCompare2                          0x08007d29   Thumb Code     4  stm32f10x_tim.o(.text)
    TIM_SetCompare3                          0x08007d2d   Thumb Code     4  stm32f10x_tim.o(.text)
    TIM_SetCompare4                          0x08007d31   Thumb Code     6  stm32f10x_tim.o(.text)
    TIM_SetClockDivision                     0x08007d37   Thumb Code    18  stm32f10x_tim.o(.text)
    TIM_GetCapture1                          0x08007d49   Thumb Code     6  stm32f10x_tim.o(.text)
    TIM_GetCapture2                          0x08007d4f   Thumb Code     6  stm32f10x_tim.o(.text)
    TIM_GetCapture3                          0x08007d55   Thumb Code     6  stm32f10x_tim.o(.text)
    TIM_GetCapture4                          0x08007d5b   Thumb Code     8  stm32f10x_tim.o(.text)
    TIM_GetCounter                           0x08007d63   Thumb Code     6  stm32f10x_tim.o(.text)
    TIM_GetPrescaler                         0x08007d69   Thumb Code     6  stm32f10x_tim.o(.text)
    TIM_GetFlagStatus                        0x08007d6f   Thumb Code    18  stm32f10x_tim.o(.text)
    TIM_ClearFlag                            0x08007d81   Thumb Code     6  stm32f10x_tim.o(.text)
    TIM_GetITStatus                          0x08007d87   Thumb Code    34  stm32f10x_tim.o(.text)
    TIM_ClearITPendingBit                    0x08007da9   Thumb Code     6  stm32f10x_tim.o(.text)
    EXTI_DeInit                              0x08007db1   Thumb Code    28  stm32f10x_exti.o(.text)
    EXTI_Init                                0x08007dcd   Thumb Code   142  stm32f10x_exti.o(.text)
    EXTI_StructInit                          0x08007e5b   Thumb Code    16  stm32f10x_exti.o(.text)
    EXTI_GenerateSWInterrupt                 0x08007e6b   Thumb Code    16  stm32f10x_exti.o(.text)
    EXTI_GetFlagStatus                       0x08007e7b   Thumb Code    22  stm32f10x_exti.o(.text)
    EXTI_ClearFlag                           0x08007e91   Thumb Code     8  stm32f10x_exti.o(.text)
    EXTI_GetITStatus                         0x08007e99   Thumb Code    34  stm32f10x_exti.o(.text)
    EXTI_ClearITPendingBit                   0x08007ebb   Thumb Code     8  stm32f10x_exti.o(.text)
    protocol_pipe_init                       0x08007ecd   Thumb Code    42  protocol.o(.text)
    protocol_pipe_parseFrame                 0x08007ef7   Thumb Code    92  protocol.o(.text)
    protocol_pipe_Pack                       0x08007f53   Thumb Code   138  protocol.o(.text)
    protocol_pipe_get_IdValue_FromPack       0x08007fdd   Thumb Code    98  protocol.o(.text)
    protocol_pipe_get_IdValue                0x0800803f   Thumb Code   140  protocol.o(.text)
    protocol_pipe_put                        0x080080cb   Thumb Code    32  protocol.o(.text)
    protocol_compare                         0x080080eb   Thumb Code    48  protocol.o(.text)
    protocol_atoi                            0x0800811b   Thumb Code    34  protocol.o(.text)
    protocol_valuelen                        0x0800813d   Thumb Code    34  protocol.o(.text)
    protocol_send_init                       0x0800815f   Thumb Code     6  protocol.o(.text)
    protocol_send_start                      0x08008165   Thumb Code    18  protocol.o(.text)
    protocol_send_insert_value               0x08008177   Thumb Code    20  protocol.o(.text)
    protocol_send_IdValue_int                0x0800818b   Thumb Code   158  protocol.o(.text)
    protocol_send_IdValue_str                0x08008229   Thumb Code    94  protocol.o(.text)
    protocol_send_complete                   0x08008287   Thumb Code    36  protocol.o(.text)
    RINGBUF_Init                             0x080082ab   Thumb Code    32  ringbuffer.o(.text)
    RINGBUF_Put                              0x080082cb   Thumb Code    60  ringbuffer.o(.text)
    RINGBUF_Get                              0x08008307   Thumb Code    60  ringbuffer.o(.text)
    timer_init                               0x08008345   Thumb Code    28  soft_timer.o(.text)
    timer_start                              0x08008361   Thumb Code    38  soft_timer.o(.text)
    timer_stop                               0x08008387   Thumb Code    32  soft_timer.o(.text)
    timer_loop                               0x080083a7   Thumb Code    54  soft_timer.o(.text)
    timer_ticks                              0x080083dd   Thumb Code    12  soft_timer.o(.text)
    __aeabi_memcpy                           0x080083f1   Thumb Code    36  memcpya.o(.text)
    __aeabi_memcpy4                          0x080083f1   Thumb Code     0  memcpya.o(.text)
    __aeabi_memcpy8                          0x080083f1   Thumb Code     0  memcpya.o(.text)
    __aeabi_memset                           0x08008415   Thumb Code    14  memseta.o(.text)
    __aeabi_memset4                          0x08008415   Thumb Code     0  memseta.o(.text)
    __aeabi_memset8                          0x08008415   Thumb Code     0  memseta.o(.text)
    __aeabi_memclr                           0x08008423   Thumb Code     4  memseta.o(.text)
    __aeabi_memclr4                          0x08008423   Thumb Code     0  memseta.o(.text)
    __aeabi_memclr8                          0x08008423   Thumb Code     0  memseta.o(.text)
    _memset$wrapper                          0x08008427   Thumb Code    18  memseta.o(.text)
    strstr                                   0x08008439   Thumb Code    36  strstr.o(.text)
    strlen                                   0x0800845d   Thumb Code    14  strlen.o(.text)
    strcpy                                   0x0800846b   Thumb Code    18  strcpy.o(.text)
    __aeabi_fadd                             0x0800847d   Thumb Code   164  fadd.o(.text)
    __aeabi_fsub                             0x08008521   Thumb Code     6  fadd.o(.text)
    __aeabi_frsub                            0x08008527   Thumb Code     6  fadd.o(.text)
    __aeabi_fmul                             0x0800852d   Thumb Code   108  fmul.o(.text)
    __aeabi_fdiv                             0x08008599   Thumb Code   128  fdiv.o(.text)
    __aeabi_ddiv                             0x08008619   Thumb Code   222  ddiv.o(.text)
    __aeabi_i2f                              0x080086f7   Thumb Code    18  fflti.o(.text)
    __aeabi_ui2f                             0x08008709   Thumb Code    10  ffltui.o(.text)
    __aeabi_i2d                              0x08008713   Thumb Code    34  dflti.o(.text)
    __aeabi_f2iz                             0x08008735   Thumb Code    50  ffixi.o(.text)
    __aeabi_f2uiz                            0x08008767   Thumb Code    40  ffixui.o(.text)
    __aeabi_d2uiz                            0x0800878f   Thumb Code    50  dfixui.o(.text)
    __aeabi_f2d                              0x080087c1   Thumb Code    38  f2d.o(.text)
    __aeabi_d2f                              0x080087e7   Thumb Code    56  d2f.o(.text)
    __aeabi_cfrcmple                         0x08008821   Thumb Code    20  cfrcmple.o(.text)
    __aeabi_uidiv                            0x08008835   Thumb Code     0  uidiv.o(.text)
    __aeabi_uidivmod                         0x08008835   Thumb Code    44  uidiv.o(.text)
    __aeabi_uldivmod                         0x08008861   Thumb Code    98  uldiv.o(.text)
    __aeabi_llsr                             0x080088c3   Thumb Code    32  llushr.o(.text)
    _ll_ushift_r                             0x080088c3   Thumb Code     0  llushr.o(.text)
    __I$use$fp                               0x080088e3   Thumb Code     0  iusefp.o(.text)
    _float_round                             0x080088e3   Thumb Code    18  fepilogue.o(.text)
    _float_epilogue                          0x080088f5   Thumb Code    90  fepilogue.o(.text)
    _double_round                            0x0800894f   Thumb Code    26  depilogue.o(.text)
    _double_epilogue                         0x08008969   Thumb Code   164  depilogue.o(.text)
    __aeabi_dadd                             0x08008a0d   Thumb Code   322  dadd.o(.text)
    __aeabi_dsub                             0x08008b4f   Thumb Code     6  dadd.o(.text)
    __aeabi_drsub                            0x08008b55   Thumb Code     6  dadd.o(.text)
    __aeabi_dmul                             0x08008b5b   Thumb Code   228  dmul.o(.text)
    __aeabi_d2ulz                            0x08008c3f   Thumb Code    48  dfixul.o(.text)
    __aeabi_cdrcmple                         0x08008c71   Thumb Code    38  cdrcmple.o(.text)
    __scatterload                            0x08008c99   Thumb Code    28  init.o(.text)
    __scatterload_rt2                        0x08008c99   Thumb Code     0  init.o(.text)
    __aeabi_llsl                             0x08008cbd   Thumb Code    30  llshl.o(.text)
    _ll_shift_l                              0x08008cbd   Thumb Code     0  llshl.o(.text)
    __aeabi_lasr                             0x08008cdb   Thumb Code    36  llsshr.o(.text)
    _ll_sshift_r                             0x08008cdb   Thumb Code     0  llsshr.o(.text)
    __decompress                             0x08008cff   Thumb Code     0  __dczerorl2.o(.text)
    __decompress1                            0x08008cff   Thumb Code    92  __dczerorl2.o(.text)
    __0sprintf                               0x08008d5d   Thumb Code    34  printfa.o(i.__0sprintf)
    __1sprintf                               0x08008d5d   Thumb Code     0  printfa.o(i.__0sprintf)
    __2sprintf                               0x08008d5d   Thumb Code     0  printfa.o(i.__0sprintf)
    __c89sprintf                             0x08008d5d   Thumb Code     0  printfa.o(i.__0sprintf)
    sprintf                                  0x08008d5d   Thumb Code     0  printfa.o(i.__0sprintf)
    __scatterload_copy                       0x08008d85   Thumb Code    14  handlers.o(i.__scatterload_copy)
    __scatterload_null                       0x08008d93   Thumb Code     2  handlers.o(i.__scatterload_null)
    __scatterload_zeroinit                   0x08008d95   Thumb Code    14  handlers.o(i.__scatterload_zeroinit)
    F6x8                                     0x08009692   Data         552  oled.o(.constdata)
    F8X16                                    0x080098ba   Data        1520  oled.o(.constdata)
    auw_hamm                                 0x08009eaa   Data          62  algorithm.o(.constdata)
    uch_spo2_table                           0x08009ee8   Data         184  algorithm.o(.constdata)
    Region$$Table$$Base                      0x08009fa0   Number         0  anon$$obj.o(Region$$Table)
    Region$$Table$$Limit                     0x08009fc0   Number         0  anon$$obj.o(Region$$Table)
    SystemCoreClock                          0x2000000c   Data           4  system_stm32f10x.o(.data)
    AHBPrescTable                            0x20000010   Data          16  system_stm32f10x.o(.data)
    Fchinese                                 0x20000048   Data         384  oled.o(.data)
    GlobalVar_sensor_distance                0x200001c8   Data           4  sensor_hal.o(.data)
    GlobalVar_sensor_distance_2              0x200001cc   Data           4  sensor_hal.o(.data)
    GlobalVar_sensor_DO1                     0x200001d0   Data           4  sensor_hal.o(.data)
    GlobalVar_sensor_huoyan                  0x200001d4   Data           4  sensor_hal.o(.data)
    GlobalVar_sensor_hongwai_duiguan         0x200001d8   Data           4  sensor_hal.o(.data)
    GlobalVar_sensor_DO2                     0x200001dc   Data           4  sensor_hal.o(.data)
    GlobalVar_sensor_DO3                     0x200001e0   Data           4  sensor_hal.o(.data)
    GlobalVar_sensor_DO4                     0x200001e4   Data           4  sensor_hal.o(.data)
    GlobalVar_sensor_DO5                     0x200001e8   Data           4  sensor_hal.o(.data)
    GlobalVar_sensor_AO1                     0x200001ec   Data           4  sensor_hal.o(.data)
    GlobalVar_sensor_AO2                     0x200001f0   Data           4  sensor_hal.o(.data)
    GlobalVar_sensor_TDS_wendu               0x200001f4   Data           4  sensor_hal.o(.data)
    GlobalVar_sensor_TDS                     0x200001f8   Data           4  sensor_hal.o(.data)
    GlobalVar_sensor_dht11_wendu             0x200001fc   Data           4  sensor_hal.o(.data)
    GlobalVar_sensor_dht11_shidu             0x20000200   Data           4  sensor_hal.o(.data)
    GlobalVar_sensor_ds18b20_wendu           0x20000204   Data           4  sensor_hal.o(.data)
    GlobalVar_sensor_heart                   0x20000208   Data           4  sensor_hal.o(.data)
    GlobalVar_sensor_RenTi                   0x2000020c   Data           4  sensor_hal.o(.data)
    GlobalVar_sensor_RenTi_2                 0x20000210   Data           4  sensor_hal.o(.data)
    GlobalVar_sensor_guangqiang              0x20000214   Data           4  sensor_hal.o(.data)
    GlobalVar_sensor_shuiwei                 0x20000218   Data           4  sensor_hal.o(.data)
    GlobalVar_sensor_turang                  0x2000021c   Data           4  sensor_hal.o(.data)
    GlobalVar_sensor_jiguangceju             0x20000220   Data           4  sensor_hal.o(.data)
    GlobalVar_sensor_dianya                  0x20000224   Data           4  sensor_hal.o(.data)
    GlobalVar_sensor_dianliu                 0x20000228   Data           4  sensor_hal.o(.data)
    GlobalVar_sensor_xinlv                   0x2000022c   Data           4  sensor_hal.o(.data)
    GlobalVar_sensor_xueyang                 0x20000230   Data           4  sensor_hal.o(.data)
    GlobalVar_sensor_PulseSpeed              0x20000234   Data           4  sensor_hal.o(.data)
    GlobalVar_sensor_yali                    0x20000238   Data           4  sensor_hal.o(.data)
    GlobalVar_sensor_voice                   0x2000023c   Data           4  sensor_hal.o(.data)
    GlobalVar_sensor_yanwu                   0x20000240   Data           4  sensor_hal.o(.data)
    GlobalVar_sensor_yanwu_2                 0x20000244   Data           4  sensor_hal.o(.data)
    GlobalVar_sensor_MQ1                     0x20000248   Data           4  sensor_hal.o(.data)
    GlobalVar_sensor_MQ2                     0x2000024c   Data           4  sensor_hal.o(.data)
    GlobalVar_sensor_yudi                    0x20000250   Data           4  sensor_hal.o(.data)
    GlobalVar_sensor_zhuodu                  0x20000254   Data           4  sensor_hal.o(.data)
    GlobalVar_sensor_ph                      0x20000258   Data           4  sensor_hal.o(.data)
    GlobalVar_sensor_ph_float                0x2000025c   Data           4  sensor_hal.o(.data)
    GlobalVar_sensor_hongwai_wendu           0x20000260   Data           4  sensor_hal.o(.data)
    GlobalVar_sensor_pm25                    0x20000264   Data           4  sensor_hal.o(.data)
    GlobalVar_sensor_light                   0x20000268   Data           4  sensor_hal.o(.data)
    GlobalVar_sensor_zhendong_DO             0x2000026c   Data           4  sensor_hal.o(.data)
    GlobalVar_sensor_6050_x                  0x20000270   Data           4  sensor_hal.o(.data)
    GlobalVar_sensor_6050_y                  0x20000274   Data           4  sensor_hal.o(.data)
    GlobalVar_sensor_6050_z                  0x20000278   Data           4  sensor_hal.o(.data)
    GlobalVar_sensor_max30102_xinlv          0x2000027c   Data           4  sensor_hal.o(.data)
    GlobalVar_sensor_max30102_xueyang        0x20000280   Data           4  sensor_hal.o(.data)
    GlobalVar_sensor_ziwaixian               0x20000284   Data           4  sensor_hal.o(.data)
    GlobalVar_sensor_key_press_1             0x20000288   Data           1  sensor_hal.o(.data)
    GlobalVar_sensor_key_vlaue_1             0x20000289   Data           1  sensor_hal.o(.data)
    GlobalVar_sensor_key_press_2             0x2000028a   Data           1  sensor_hal.o(.data)
    GlobalVar_sensor_key_vlaue_2             0x2000028b   Data           1  sensor_hal.o(.data)
    GlobalVar_sensor_online_response         0x2000028c   Data           4  sensor_hal.o(.data)
    GlobalVar_flag_auto_adjust_tds           0x20000290   Data           1  sensor_hal.o(.data)
    GlobalVar_flag_auto_adjust_wendu         0x20000291   Data           1  sensor_hal.o(.data)
    GlobalVar_flag_auto_adjust_shidu         0x20000292   Data           1  sensor_hal.o(.data)
    GlobalVar_flag_auto_adjust_yanwu         0x20000293   Data           1  sensor_hal.o(.data)
    GlobalVar_flag_auto_adjust_yanwu_2       0x20000294   Data           1  sensor_hal.o(.data)
    GlobalVar_flag_auto_adjust_MQ1           0x20000295   Data           1  sensor_hal.o(.data)
    GlobalVar_flag_auto_adjust_MQ2           0x20000296   Data           1  sensor_hal.o(.data)
    GlobalVar_flag_auto_adjust_ziwaixian     0x20000297   Data           1  sensor_hal.o(.data)
    GlobalVar_flag_auto_adjust_renti         0x20000298   Data           1  sensor_hal.o(.data)
    GlobalVar_flag_auto_adjust_guangqiang    0x20000299   Data           1  sensor_hal.o(.data)
    GlobalVar_flag_auto_adjust_turang        0x2000029a   Data           1  sensor_hal.o(.data)
    GlobalVar_flag_auto_adjust_shuiwei       0x2000029b   Data           1  sensor_hal.o(.data)
    GlobalVar_flag_auto_adjust_dianliu       0x2000029c   Data           1  sensor_hal.o(.data)
    GlobalVar_flag_auto_adjust_dianya        0x2000029d   Data           1  sensor_hal.o(.data)
    GlobalVar_flag_auto_adjust_huoyan        0x2000029e   Data           1  sensor_hal.o(.data)
    GlobalVar_flag_auto_adjust_zhendong      0x2000029f   Data           1  sensor_hal.o(.data)
    GlobalVar_flag_auto_adjust_voice         0x200002a0   Data           1  sensor_hal.o(.data)
    GlobalVar_flag_auto_adjust_yudi          0x200002a1   Data           1  sensor_hal.o(.data)
    GlobalVar_flag_auto_adjust_yali          0x200002a2   Data           1  sensor_hal.o(.data)
    GlobalVar_flag_auto_adjust_zhuodu        0x200002a3   Data           1  sensor_hal.o(.data)
    GlobalVar_flag_auto_adjust_ph            0x200002a4   Data           1  sensor_hal.o(.data)
    GlobalVar_flag_auto_adjust               0x200002a8   Data           4  sensor_hal.o(.data)
    GlobalVar_flag_max30102_inited           0x200002ac   Data           4  sensor_hal.o(.data)
    GlobalVar_flag_auto_adjust_distance      0x200002b0   Data           1  sensor_hal.o(.data)
    GlobalVar_flag_auto_adjust_hongwai_duiguan 0x200002b1   Data           1  sensor_hal.o(.data)
    GlobalVar_flag_scanner_inited            0x200002b2   Data           1  sensor_hal.o(.data)
    GlobalVar_flag_uart6050_inited           0x200002b3   Data           1  sensor_hal.o(.data)
    GlobalVar_flag_gps_inited                0x200002b4   Data           1  sensor_hal.o(.data)
    GlobalVar_flag_gps_parse_success         0x200002b5   Data           1  sensor_hal.o(.data)
    GlobalVar_flag_hongwaiwendu_inited       0x200002b6   Data           1  sensor_hal.o(.data)
    GlobalVar_flag_pm25_inited               0x200002b7   Data           1  sensor_hal.o(.data)
    GlobalVar_flag_tds_inited                0x200002b8   Data           1  sensor_hal.o(.data)
    GlobalVar_flag_key_inited                0x200002b9   Data           1  sensor_hal.o(.data)
    GlobalVar_flag_time_inited               0x200002ba   Data           1  sensor_hal.o(.data)
    GlobalVar_flag_is_inited_zhendong_DO     0x200002bb   Data           1  sensor_hal.o(.data)
    GlobalVar_Threshold_alert_guangqiang_max 0x200002bc   Data           4  sensor_hal.o(.data)
    GlobalVar_Threshold_alert_guangqiang_min 0x200002c0   Data           4  sensor_hal.o(.data)
    GlobalVar_Threshold_alert_guangqiang     0x200002c4   Data           4  sensor_hal.o(.data)
    GlobalVar_Threshold_alert_wendu          0x200002c8   Data           4  sensor_hal.o(.data)
    GlobalVar_Threshold_alert_wendu_max      0x200002cc   Data           4  sensor_hal.o(.data)
    GlobalVar_Threshold_alert_shidu          0x200002d0   Data           4  sensor_hal.o(.data)
    GlobalVar_Threshold_alert_shidu_max      0x200002d4   Data           4  sensor_hal.o(.data)
    GlobalVar_Threshold_alert_tds            0x200002d8   Data           4  sensor_hal.o(.data)
    GlobalVar_Threshold_alert_yanwu          0x200002dc   Data           4  sensor_hal.o(.data)
    GlobalVar_Threshold_alert_yanwu_2        0x200002e0   Data           4  sensor_hal.o(.data)
    GlobalVar_Threshold_alert_MQ1            0x200002e4   Data           4  sensor_hal.o(.data)
    GlobalVar_Threshold_alert_MQ2            0x200002e8   Data           4  sensor_hal.o(.data)
    GlobalVar_Threshold_alert_ziwaixian      0x200002ec   Data           4  sensor_hal.o(.data)
    GlobalVar_Threshold_alert_turang         0x200002f0   Data           4  sensor_hal.o(.data)
    GlobalVar_Threshold_alert_shuiwei        0x200002f4   Data           4  sensor_hal.o(.data)
    GlobalVar_Threshold_alert_dianya         0x200002f8   Data           4  sensor_hal.o(.data)
    GlobalVar_Threshold_alert_dianliu        0x200002fc   Data           4  sensor_hal.o(.data)
    GlobalVar_Threshold_alert_zhendong       0x20000300   Data           4  sensor_hal.o(.data)
    GlobalVar_Threshold_alert_zhendong_x     0x20000304   Data           4  sensor_hal.o(.data)
    GlobalVar_Threshold_alert_zhendong_y     0x20000308   Data           4  sensor_hal.o(.data)
    GlobalVar_Threshold_alert_zhendong_z     0x2000030c   Data           4  sensor_hal.o(.data)
    GlobalVar_Threshold_alert_yudi           0x20000310   Data           4  sensor_hal.o(.data)
    GlobalVar_Threshold_alert_yali           0x20000314   Data           4  sensor_hal.o(.data)
    GlobalVar_Threshold_alert_zhuodu         0x20000318   Data           4  sensor_hal.o(.data)
    GlobalVar_Threshold_alert_ph             0x2000031c   Data           4  sensor_hal.o(.data)
    GlobalVar_Threshold_light_min            0x20000320   Data           4  sensor_hal.o(.data)
    GlobalVar_Threshold_alert_distance       0x20000324   Data           4  sensor_hal.o(.data)
    GlobalVar_Threshold_RC522                0x20000328   Data           4  sensor_hal.o(.data)
    GlobalVar_sensor_zhuangtai1              0x2000032c   Data           4  sensor_hal.o(.data)
    GlobalVar_sensor_zhuangtai2              0x20000330   Data           4  sensor_hal.o(.data)
    GlobalVar_phone_number                   0x20000334   Data          13  sensor_hal.o(.data)
    time_current_buffer                      0x20000341   Data          21  sensor_hal.o(.data)
    UltrasonicWave_Distance_ch1              0x200003b8   Data           4  ultrasonicwave.o(.data)
    UltrasonicWave_Distance_ch2              0x200003bc   Data           4  ultrasonicwave.o(.data)
    UltrasonicWave_Distance_ch3              0x200003c0   Data           4  ultrasonicwave.o(.data)
    UltrasonicWave_Distance_ch4              0x200003c4   Data           4  ultrasonicwave.o(.data)
    WsDat                                    0x200003c8   Data           4  ws2812b.o(.data)
    WsDat_RUN                                0x200003cc   Data           4  ws2812b.o(.data)
    GlobalVar_xinlv                          0x200003e0   Data           4  max30102.o(.data)
    GlobalVar_xueyang                        0x200003e4   Data           4  max30102.o(.data)
    GlobalVar_tiwen                          0x200003e8   Data           4  max30102.o(.data)
    temp_num                                 0x200003ec   Data           1  max30102.o(.data)
    dis_hr                                   0x200003ed   Data           1  max30102.o(.data)
    dis_spo2                                 0x200003ee   Data           1  max30102.o(.data)
    n_ir_buffer_length                       0x200003f8   Data           4  max30102.o(.data)
    n_sp02                                   0x200003fc   Data           4  max30102.o(.data)
    ch_spo2_valid                            0x20000400   Data           1  max30102.o(.data)
    n_heart_rate                             0x20000404   Data           4  max30102.o(.data)
    ch_hr_valid                              0x20000408   Data           1  max30102.o(.data)
    uch_dummy                                0x20000409   Data           1  max30102.o(.data)
    un_min                                   0x2000040c   Data           4  max30102.o(.data)
    un_max                                   0x20000410   Data           4  max30102.o(.data)
    un_prev_data                             0x20000414   Data           4  max30102.o(.data)
    i                                        0x20000418   Data           4  max30102.o(.data)
    n_brightness                             0x2000041c   Data           4  max30102.o(.data)
    f_temp                                   0x20000420   Data           4  max30102.o(.data)
    temp                                     0x20000424   Data           6  max30102.o(.data)
    RX_Count                                 0x20000444   Data           1  gps.o(.data)
    phasecw                                  0x20000445   Data           8  28byj_48.o(.data)
    phaseccw                                 0x2000044d   Data           8  28byj_48.o(.data)
    send_protocol_uart                       0x20000684   Data          12  main.o(.bss)
    send_protocol_uart_buff                  0x20000690   Data         512  main.o(.bss)
    protocol_pipe_uart                       0x20000890   Data          40  main.o(.bss)
    protocol_pipe_uart_buff                  0x200008b8   Data        1024  main.o(.bss)
    protocol_pipe_uart_2                     0x20000cb8   Data          40  main.o(.bss)
    protocol_pipe_uart_buff_2                0x20000ce0   Data         256  main.o(.bss)
    Uart_sensor_RB                           0x20000de0   Data          20  main.o(.bss)
    uart_sensor_buff                         0x20000df4   Data         512  main.o(.bss)
    GlobalVar_gps_x                          0x2000106a   Data          15  sensor_hal.o(.bss)
    GlobalVar_gps_y                          0x20001079   Data          15  sensor_hal.o(.bss)
    zhendong_buffer                          0x20001088   Data          80  sensor_hal.o(.bss)
    aun_ir_buffer                            0x20002878   Data        2000  max30102.o(.bss)
    aun_red_buffer                           0x20003048   Data        2000  max30102.o(.bss)
    str                                      0x20003818   Data         100  max30102.o(.bss)
    gpsRxBuffer                              0x2000389a   Data          76  gps.o(.bss)
    Save_Data                                0x200038e6   Data         128  gps.o(.bss)
    __initial_sp                             0x20003d88   Data           0  startup_stm32f10x_hd.o(STACK)



==============================================================================

Memory Map of the image

  Image Entry point : 0x08000131

  Load Region LR_IROM1 (Base: 0x08000000, Size: 0x0000a444, Max: 0x00040000, ABSOLUTE, COMPRESSED[0x0000a0dc])

    Execution Region ER_IROM1 (Base: 0x08000000, Size: 0x00009fc0, Max: 0x00040000, ABSOLUTE)

    Base Addr    Size         Type   Attr      Idx    E Section Name        Object

    0x08000000   0x00000130   Data   RO          776    RESET               startup_stm32f10x_hd.o
    0x08000130   0x00000000   Code   RO         1139  * .ARM.Collect$$$$00000000  mc_w.l(entry.o)
    0x08000130   0x00000004   Code   RO         1441    .ARM.Collect$$$$00000001  mc_w.l(entry2.o)
    0x08000134   0x00000004   Code   RO         1444    .ARM.Collect$$$$00000004  mc_w.l(entry5.o)
    0x08000138   0x00000000   Code   RO         1446    .ARM.Collect$$$$00000008  mc_w.l(entry7b.o)
    0x08000138   0x00000000   Code   RO         1448    .ARM.Collect$$$$0000000A  mc_w.l(entry8b.o)
    0x08000138   0x00000008   Code   RO         1449    .ARM.Collect$$$$0000000B  mc_w.l(entry9a.o)
    0x08000140   0x00000000   Code   RO         1451    .ARM.Collect$$$$0000000D  mc_w.l(entry10a.o)
    0x08000140   0x00000000   Code   RO         1453    .ARM.Collect$$$$0000000F  mc_w.l(entry11a.o)
    0x08000140   0x00000004   Code   RO         1442    .ARM.Collect$$$$00002712  mc_w.l(entry2.o)
    0x08000144   0x00000634   Code   RO            1    .text               main.o
    0x08000778   0x000000c8   Code   RO          187    .text               stm32f10x_it.o
    0x08000840   0x000001dc   Code   RO          271    .text               system_stm32f10x.o
    0x08000a1c   0x0000023c   Code   RO          289    .text               adc.o
    0x08000c58   0x00000198   Code   RO          330    .text               dht11.o
    0x08000df0   0x00000258   Code   RO          348    .text               ds18b20.o
    0x08001048   0x000001f4   Code   RO          362    .text               gpio.o
    0x0800123c   0x000000c8   Code   RO          378    .text               hongwaiwendu.o
    0x08001304   0x00000138   Code   RO          395    .text               hx711.o
    0x0800143c   0x000005f0   Code   RO          412    .text               oled.o
    0x08001a2c   0x00000194   Code   RO          443    .text               pwm.o
    0x08001bc0   0x00000800   Code   RO          461    .text               rc522.o
    0x080023c0   0x00001584   Code   RO          490    .text               sensor_hal.o
    0x08003944   0x000000cc   Code   RO          510    .text               timer.o
    0x08003a10   0x000004ec   Code   RO          525    .text               ultrasonicwave.o
    0x08003efc   0x000002fc   Code   RO          543    .text               usart.o
    0x080041f8   0x00000398   Code   RO          558    .text               ws2812b.o
    0x08004590   0x000000d0   Code   RO          576    .text               uart6050.o
    0x08004660   0x000006a0   Code   RO          593    .text               algorithm.o
    0x08004d00   0x000007f4   Code   RO          612    .text               max30102.o
    0x080054f4   0x00000390   Code   RO          634    .text               myiic.o
    0x08005884   0x000000b8   Code   RO          646    .text               tds.o
    0x0800593c   0x00000160   Code   RO          663    .text               key.o
    0x08005a9c   0x000001d4   Code   RO          680    .text               gps.o
    0x08005c70   0x0000013c   Code   RO          702    .text               28byj_48.o
    0x08005dac   0x000000b8   Code   RO          720    .text               pm25.o
    0x08005e64   0x000000d0   Code   RO          737    .text               delay.o
    0x08005f34   0x0000000c   Code   RO          751    .text               sys.o
    0x08005f40   0x00000024   Code   RO          777    .text               startup_stm32f10x_hd.o
    0x08005f64   0x00000358   Code   RO          781    .text               stm32f10x_gpio.o
    0x080062bc   0x000003a4   Code   RO          793    .text               stm32f10x_rcc.o
    0x08006660   0x00000408   Code   RO          807    .text               stm32f10x_usart.o
    0x08006a68   0x000000dc   Code   RO          819    .text               misc.o
    0x08006b44   0x0000044e   Code   RO          831    .text               stm32f10x_adc.o
    0x08006f92   0x00000002   PAD
    0x08006f94   0x00000e1a   Code   RO          843    .text               stm32f10x_tim.o
    0x08007dae   0x00000002   PAD
    0x08007db0   0x0000011c   Code   RO          945    .text               stm32f10x_exti.o
    0x08007ecc   0x000003de   Code   RO         1080    .text               protocol.o
    0x080082aa   0x00000098   Code   RO         1092    .text               ringbuffer.o
    0x08008342   0x00000002   PAD
    0x08008344   0x000000ac   Code   RO         1104    .text               soft_timer.o
    0x080083f0   0x00000024   Code   RO         1142    .text               mc_w.l(memcpya.o)
    0x08008414   0x00000024   Code   RO         1144    .text               mc_w.l(memseta.o)
    0x08008438   0x00000024   Code   RO         1146    .text               mc_w.l(strstr.o)
    0x0800845c   0x0000000e   Code   RO         1148    .text               mc_w.l(strlen.o)
    0x0800846a   0x00000012   Code   RO         1150    .text               mc_w.l(strcpy.o)
    0x0800847c   0x000000b0   Code   RO         1415    .text               mf_w.l(fadd.o)
    0x0800852c   0x0000006c   Code   RO         1417    .text               mf_w.l(fmul.o)
    0x08008598   0x00000080   Code   RO         1419    .text               mf_w.l(fdiv.o)
    0x08008618   0x000000de   Code   RO         1421    .text               mf_w.l(ddiv.o)
    0x080086f6   0x00000012   Code   RO         1423    .text               mf_w.l(fflti.o)
    0x08008708   0x0000000a   Code   RO         1425    .text               mf_w.l(ffltui.o)
    0x08008712   0x00000022   Code   RO         1427    .text               mf_w.l(dflti.o)
    0x08008734   0x00000032   Code   RO         1429    .text               mf_w.l(ffixi.o)
    0x08008766   0x00000028   Code   RO         1431    .text               mf_w.l(ffixui.o)
    0x0800878e   0x00000032   Code   RO         1433    .text               mf_w.l(dfixui.o)
    0x080087c0   0x00000026   Code   RO         1435    .text               mf_w.l(f2d.o)
    0x080087e6   0x00000038   Code   RO         1437    .text               mf_w.l(d2f.o)
    0x0800881e   0x00000002   PAD
    0x08008820   0x00000014   Code   RO         1439    .text               mf_w.l(cfrcmple.o)
    0x08008834   0x0000002c   Code   RO         1456    .text               mc_w.l(uidiv.o)
    0x08008860   0x00000062   Code   RO         1458    .text               mc_w.l(uldiv.o)
    0x080088c2   0x00000020   Code   RO         1460    .text               mc_w.l(llushr.o)
    0x080088e2   0x00000000   Code   RO         1462    .text               mc_w.l(iusefp.o)
    0x080088e2   0x0000006c   Code   RO         1463    .text               mf_w.l(fepilogue.o)
    0x0800894e   0x000000be   Code   RO         1465    .text               mf_w.l(depilogue.o)
    0x08008a0c   0x0000014e   Code   RO         1467    .text               mf_w.l(dadd.o)
    0x08008b5a   0x000000e4   Code   RO         1469    .text               mf_w.l(dmul.o)
    0x08008c3e   0x00000030   Code   RO         1471    .text               mf_w.l(dfixul.o)
    0x08008c6e   0x00000002   PAD
    0x08008c70   0x00000028   Code   RO         1473    .text               mf_w.l(cdrcmple.o)
    0x08008c98   0x00000024   Code   RO         1475    .text               mc_w.l(init.o)
    0x08008cbc   0x0000001e   Code   RO         1477    .text               mc_w.l(llshl.o)
    0x08008cda   0x00000024   Code   RO         1479    .text               mc_w.l(llsshr.o)
    0x08008cfe   0x0000005c   Code   RO         1489    .text               mc_w.l(__dczerorl2.o)
    0x08008d5a   0x00000002   PAD
    0x08008d5c   0x00000028   Code   RO         1389    i.__0sprintf        mc_w.l(printfa.o)
    0x08008d84   0x0000000e   Code   RO         1483    i.__scatterload_copy  mc_w.l(handlers.o)
    0x08008d92   0x00000002   Code   RO         1484    i.__scatterload_null  mc_w.l(handlers.o)
    0x08008d94   0x0000000e   Code   RO         1485    i.__scatterload_zeroinit  mc_w.l(handlers.o)
    0x08008da2   0x00000002   PAD
    0x08008da4   0x0000015c   Code   RO         1394    i._fp_digits        mc_w.l(printfa.o)
    0x08008f00   0x000006f0   Code   RO         1395    i._printf_core      mc_w.l(printfa.o)
    0x080095f0   0x00000026   Code   RO         1396    i._printf_post_padding  mc_w.l(printfa.o)
    0x08009616   0x00000030   Code   RO         1397    i._printf_pre_padding  mc_w.l(printfa.o)
    0x08009646   0x0000000a   Code   RO         1399    i._sputc            mc_w.l(printfa.o)
    0x08009650   0x00000042   Data   RO            3    .constdata          main.o
    0x08009692   0x00000818   Data   RO          413    .constdata          oled.o
    0x08009eaa   0x000000f6   Data   RO          595    .constdata          algorithm.o
    0x08009fa0   0x00000020   Data   RO         1481    Region$$Table       anon$$obj.o


    Execution Region RW_IRAM1 (Base: 0x20000000, Size: 0x00003d88, Max: 0x0000c000, ABSOLUTE, COMPRESSED[0x0000011c])

    Base Addr    Size         Type   Attr      Idx    E Section Name        Object

    0x20000000   0x0000000c   Data   RW            4    .data               main.o
    0x2000000c   0x00000014   Data   RW          272    .data               system_stm32f10x.o
    0x20000020   0x00000010   Data   RW          349    .data               ds18b20.o
    0x20000030   0x00000004   Data   RW          363    .data               gpio.o
    0x20000034   0x0000000c   Data   RW          380    .data               hongwaiwendu.o
    0x20000040   0x00000008   Data   RW          396    .data               hx711.o
    0x20000048   0x00000180   Data   RW          414    .data               oled.o
    0x200001c8   0x000001f0   Data   RW          492    .data               sensor_hal.o
    0x200003b8   0x00000010   Data   RW          526    .data               ultrasonicwave.o
    0x200003c8   0x00000014   Data   RW          559    .data               ws2812b.o
    0x200003dc   0x00000004   Data   RW          578    .data               uart6050.o
    0x200003e0   0x0000004a   Data   RW          614    .data               max30102.o
    0x2000042a   0x00000002   PAD
    0x2000042c   0x00000004   Data   RW          648    .data               tds.o
    0x20000430   0x00000014   Data   RW          664    .data               key.o
    0x20000444   0x00000001   Data   RW          682    .data               gps.o
    0x20000445   0x00000010   Data   RW          703    .data               28byj_48.o
    0x20000455   0x00000003   PAD
    0x20000458   0x0000000c   Data   RW          722    .data               pm25.o
    0x20000464   0x00000004   Data   RW          738    .data               delay.o
    0x20000468   0x00000014   Data   RW          794    .data               stm32f10x_rcc.o
    0x2000047c   0x00000008   Data   RW         1105    .data               soft_timer.o
    0x20000484   0x00000bb0   Zero   RW            2    .bss                main.o
    0x20001034   0x0000001e   Zero   RW          379    .bss                hongwaiwendu.o
    0x20001052   0x00000002   PAD
    0x20001054   0x00000084   Zero   RW          491    .bss                sensor_hal.o
    0x200010d8   0x0000001e   Zero   RW          577    .bss                uart6050.o
    0x200010f6   0x00000002   PAD
    0x200010f8   0x00001760   Zero   RW          594    .bss                algorithm.o
    0x20002858   0x00001024   Zero   RW          613    .bss                max30102.o
    0x2000387c   0x0000001e   Zero   RW          647    .bss                tds.o
    0x2000389a   0x000000cc   Zero   RW          681    .bss                gps.o
    0x20003966   0x0000001e   Zero   RW          721    .bss                pm25.o
    0x20003984   0x00000004   PAD
    0x20003988   0x00000400   Zero   RW          774    STACK               startup_stm32f10x_hd.o


==============================================================================

Image component sizes


      Code (inc. data)   RO Data    RW Data    ZI Data      Debug   Object Name

       316         12          0         16          0       1672   28byj_48.o
       572         34          0          0          0     216931   adc.o
      1696         30        246          0       5984       5339   algorithm.o
         0          0          0          0          0         32   core_cm3.o
       208         18          0          4          0        903   delay.o
       408         16          0          0          0       1934   dht11.o
       600         14          0         16          0       3253   ds18b20.o
       500         26          0          4          0       2031   gpio.o
       468         26          0          1        204       2201   gps.o
       200         24          0         12         30       1154   hongwaiwendu.o
       312         32          0          8          0       1315   hx711.o
       352         40          0         20          0       1939   key.o
      1588        386         66         12       2992     223623   main.o
      2036        134          0         74       4132       5786   max30102.o
       220         20          0          0          0       1685   misc.o
       912         24          0          0          0       3326   myiic.o
      1520         22       2072        384          0       7147   oled.o
       184         20          0         12         30        893   pm25.o
       990          0          0          0          0       4870   protocol.o
       404          8          0          0          0       1414   pwm.o
      2048         12          0          0          0       6219   rc522.o
       152          0          0          0          0       1247   ringbuffer.o
      5508        662          0        496        132      29794   sensor_hal.o
       172          8          0          8          0       2091   soft_timer.o
        36          8        304          0       1024        732   startup_stm32f10x_hd.o
      1102         26          0          0          0      10721   stm32f10x_adc.o
       284         10          0          0          0       2119   stm32f10x_exti.o
       856         40          0          0          0       5529   stm32f10x_gpio.o
       200         24          0          0          0      45768   stm32f10x_it.o
       932         44          0         20          0       8644   stm32f10x_rcc.o
      3610         88          0          0          0      22016   stm32f10x_tim.o
      1032         22          0          0          0       8256   stm32f10x_usart.o
        12          0          0          0          0        393   sys.o
       476         36          0         20          0       1563   system_stm32f10x.o
       184         16          0          4         30       1104   tds.o
       204          8          0          0          0        866   timer.o
       208         14          0          4         30       1162   uart6050.o
      1260         60          0         16          0       3739   ultrasonicwave.o
       764         26          0          0          0       2955   usart.o
       920         26          0         20          0       6770   ws2812b.o

    ----------------------------------------------------------------------
     33452       2016       2720       1156      14596     649136   Object Totals
         0          0         32          0          0          0   (incl. Generated)
         6          0          0          5          8          0   (incl. Padding)

    ----------------------------------------------------------------------

      Code (inc. data)   RO Data    RW Data    ZI Data      Debug   Library Member Name

        92          0          0          0          0          0   __dczerorl2.o
         0          0          0          0          0          0   entry.o
         0          0          0          0          0          0   entry10a.o
         0          0          0          0          0          0   entry11a.o
         8          4          0          0          0          0   entry2.o
         4          0          0          0          0          0   entry5.o
         0          0          0          0          0          0   entry7b.o
         0          0          0          0          0          0   entry8b.o
         8          4          0          0          0          0   entry9a.o
        30          0          0          0          0          0   handlers.o
        36          8          0          0          0         68   init.o
         0          0          0          0          0          0   iusefp.o
        30          0          0          0          0         68   llshl.o
        36          0          0          0          0         68   llsshr.o
        32          0          0          0          0         68   llushr.o
        36          0          0          0          0         68   memcpya.o
        36          0          0          0          0        108   memseta.o
      2260         86          0          0          0        512   printfa.o
        18          0          0          0          0         68   strcpy.o
        14          0          0          0          0         68   strlen.o
        36          0          0          0          0         80   strstr.o
        44          0          0          0          0         80   uidiv.o
        98          0          0          0          0         92   uldiv.o
        40          2          0          0          0         68   cdrcmple.o
        20          0          0          0          0         68   cfrcmple.o
        56          0          0          0          0         88   d2f.o
       334          0          0          0          0        148   dadd.o
       222          0          0          0          0        100   ddiv.o
       190          0          0          0          0        176   depilogue.o
        50          0          0          0          0         76   dfixui.o
        48          0          0          0          0         68   dfixul.o
        34          0          0          0          0         76   dflti.o
       228          0          0          0          0         96   dmul.o
        38          0          0          0          0         68   f2d.o
       176          0          0          0          0        140   fadd.o
       128          0          0          0          0         88   fdiv.o
       108          0          0          0          0        168   fepilogue.o
        50          0          0          0          0         68   ffixi.o
        40          0          0          0          0         68   ffixui.o
        18          0          0          0          0         68   fflti.o
        10          0          0          0          0         68   ffltui.o
       108          0          0          0          0         76   fmul.o

    ----------------------------------------------------------------------
      4724        104          0          0          0       3124   Library Totals
         8          0          0          0          0          0   (incl. Padding)

    ----------------------------------------------------------------------

      Code (inc. data)   RO Data    RW Data    ZI Data      Debug   Library Name

      2818        102          0          0          0       1348   mc_w.l
      1898          2          0          0          0       1776   mf_w.l

    ----------------------------------------------------------------------
      4724        104          0          0          0       3124   Library Totals

    ----------------------------------------------------------------------

==============================================================================


      Code (inc. data)   RO Data    RW Data    ZI Data      Debug   

     38176       2120       2720       1156      14596     647372   Grand Totals
     38176       2120       2720        284      14596     647372   ELF Image Totals (compressed)
     38176       2120       2720        284          0          0   ROM Totals

==============================================================================

    Total RO  Size (Code + RO Data)                40896 (  39.94kB)
    Total RW  Size (RW Data + ZI Data)             15752 (  15.38kB)
    Total ROM Size (Code + RO Data + RW Data)      41180 (  40.21kB)

==============================================================================

